✓ Initialized. View run at 
https://modal.com/apps/bnleft/main/ap-HKrc89kmqzRb1b3Hl1QZCg
✓ Created objects.
├── 🔨 Created mount 
│   /Users/bryantle/Documents/bnleft/first-light-pherc0211/modal_app.py
├── 🔨 Created function probe.
├── 🔨 Created function fetch_dataset.
├── 🔨 Created function render_slices.
├── 🔨 Created function pack_pools.
├── 🔨 Created function spiral_fit.
├── 🔨 Created function pack_pools_fast.
├── 🔨 Created function overlay_fits.
├── 🔨 Created function probe_ink.
├── 🔨 Created function render_and_infer.
├── 🔨 Created function control.
└── 🔨 Created function probe_vc.
{
  "schema_version": 1,
  "name": "PHerc0211",
  "voxel_size_um": 9.362,
  "spiral_outward_sense": "CW",
  "normal_zarr_group": "2",
  "lasagna_scale": 4,
  "paths": {
    "tracks_dbm": "tracks/PHerc0211_20250821151803_surface_m7_L0_th0.2.dbm",
    "normal_x": "lasagna/PHerc0211_nx.ome.zarr",
    "normal_y": "lasagna/PHerc0211_ny.ome.zarr",
    "gradient_magnitude": "lasagna/PHerc0211_grad_mag.ome.zarr"
  }
}


$ nvidia-smi --query-gpu=name,memory.total --format=csv
name, memory.total [MiB]
NVIDIA A10, 23028 MiB
PROGRESS Checking CUDA availability — elapsed 0s
PROGRESS Loading umbilicus — elapsed 0s
PROGRESS Loading fiber direction samples — elapsed 0s
PROGRESS Loading point collections — 0/3 inputs (0.0%) — elapsed 0s
PROGRESS Loading fiber point collections — elapsed 0s
PROGRESS Linking points to patches — 0 collections, 0 patches — elapsed 0s
scaled per-step counts by 0.105 for the 1000-slice z-range [10000, 11000) (reference 9500 slices):
  sample_count_patches_per_step=38
  sample_count_patches_per_step_for_dt=25
  sample_count_unverified_patches_per_step=13
  sample_count_unverified_patches_per_step_for_dt=8
  sample_count_relative_winding_pcls=5
  sample_count_absolute_winding_pcls=5
  sample_count_unattached_pcls_per_step=9
  sample_count_tracks_per_step=5053
  sample_count_dense_normal_points=6316
  sample_count_fiber_direction_points=6316
  sample_count_dense_spacing_pairs=8000
  sample_count_dense_spacing_density_extra_pairs=16000
  sample_count_winding_model_relative_pairs=13474
  sample_count_winding_model_density_pairs=13474
  sample_count_dense_attachment_points=2105
  sample_count_regularisation_points=474
  sample_count_shell_samples=2587
skipping all verified/unverified patch loading
 loaded 0 patches
 loaded 0 unverified patches
WARNING: point collection file not found, skipping: /data/spiral_datasets/PHerc0211/20250821151803/relative_windings.json
WARNING: point collection file not found, skipping: /data/spiral_datasets/PHerc0211/20250821151803/same_windings.json
WARNING: point collection file not found, skipping: /data/spiral_datasets/PHerc0211/20250821151803/drawn_control_points.json
no fiber point collections found in /data/spiral_datasets/PHerc0211/20250821151803/fibers

linking points to patches: 0it [00:00, ?it/s]
linking points to patches: 0it [00:00, ?it/s]
PROGRESS Resolving track store — PHerc0211_20250821151803_surface_m7_L0_th0.2.dbm — elapsed 0s
PROGRESS Preparing patch sampling — elapsed 0s
PROGRESS Loading normal volumes onto GPU — elapsed 0s
fiber links: 0 resolved
pcls: 0 cross-patch, 0 unattached
  cross-patch sampling groups: 
  unattached sampling groups: 
loading tracks from /__modal/volumes/vo-LHT8V9wmg3O9TXLwnegdFi/spiral_datasets/PHerc0211/20250821151803/tracks/PHerc0211_20250821151803_surface_m7_L0_th0.2.dbm
loaded track crossing cache /__modal/volumes/vo-LHT8V9wmg3O9TXLwnegdFi/spiral_datasets/PHerc0211/20250821151803/tracks/PHerc0211_20250821151803_surface_m7_L0_th0.2.dbm.crossings.npz: 14360311 tracks, 63368856 directed records
built TrackGraph: 14360311 tracks, 31684428 crossings in 6.1s
loaded packed track store /__modal/volumes/vo-LHT8V9wmg3O9TXLwnegdFi/spiral_datasets/PHerc0211/20250821151803/tracks/PHerc0211_20250821151803_surface_m7_L0_th0.2.dbm.vctracks: 741046 tracks, 34978733 points in ROI
loaded 741046 tracks within z-roi [10000, 11000)
fitting 0 patches
loading lasagna resident pools, group 2
lasagna normals: resident pool 5,773/25,859 bricks of (32, 32, 32) x2 channel(s) (0.35 GiB) loaded in 0.3s from PHerc0211_nx.ome.zarr.respool_g2_pair
PROGRESS Building verified-patch GPU atlas — 0 patches — elapsed 0s
PROGRESS Constructing spiral model — elapsed 0s
PROGRESS Creating optimizer — elapsed 0s
PROGRESS Synchronizing model across GPU workers — elapsed 0s
PROGRESS Preparing tracks for optimization — 741,046 tracks — elapsed 0s
PROGRESS Optimizing — 0/30,000 iterations (0.0%) — elapsed 0s
PROGRESS Optimizing — 0/30,000 iterations (0.0%) — elapsed 30s
PROGRESS Optimizing — 0/30,000 iterations (0.0%) — elapsed 1m 00s
PROGRESS Optimizing — 0/30,000 iterations (0.0%) — elapsed 1m 30s
PROGRESS Optimizing — 0/30,000 iterations (0.0%) — elapsed 2m 00s
PROGRESS Optimizing — 0/30,000 iterations (0.0%) — elapsed 2m 30s
PROGRESS Optimizing — 0/30,000 iterations (0.0%) — elapsed 3m 00s
PROGRESS Optimizing — 0/30,000 iterations (0.0%) — elapsed 3m 30s
PROGRESS Optimizing — 0/30,000 iterations (0.0%) — elapsed 4m 00s
PROGRESS Optimizing — 0/30,000 iterations (0.0%) — elapsed 4m 30s
PROGRESS Optimizing — 1/30,000 iterations (0.0%) — 0.0 it/s — elapsed 4m 57s — ETA 2474h 58m
PROGRESS Optimizing — 8/30,000 iterations (0.0%) — 0.0 it/s — elapsed 5m 27s — ETA 340h 57m
PROGRESS Optimizing — 8/30,000 iterations (0.0%) — 0.0 it/s — elapsed 5m 57s — ETA 372h 13m
PROGRESS Optimizing — 8/30,000 iterations (0.0%) — 0.0 it/s — elapsed 6m 27s — ETA 403h 29m
PROGRESS Optimizing — 8/30,000 iterations (0.0%) — 0.0 it/s — elapsed 6m 57s — ETA 434h 44m
PROGRESS Optimizing — 8/30,000 iterations (0.0%) — 0.0 it/s — elapsed 7m 27s — ETA 466h 00m
PROGRESS Optimizing — 68/30,000 iterations (0.2%) — 0.2 it/s — elapsed 7m 32s — ETA 55h 19m
PROGRESS Optimizing — 129/30,000 iterations (0.4%) — 0.3 it/s — elapsed 7m 38s — ETA 29h 25m
PROGRESS Optimizing — 190/30,000 iterations (0.6%) — 0.4 it/s — elapsed 7m 43s — ETA 20h 09m
PROGRESS Optimizing — 251/30,000 iterations (0.8%) — 0.5 it/s — elapsed 7m 48s — ETA 15h 23m
PROGRESS Optimizing — 312/30,000 iterations (1.0%) — 0.7 it/s — elapsed 7m 53s — ETA 12h 29m
PROGRESS Optimizing — 373/30,000 iterations (1.2%) — 0.8 it/s — elapsed 7m 58s — ETA 10h 32m
PROGRESS Optimizing — 434/30,000 iterations (1.4%) — 0.9 it/s — elapsed 8m 03s — ETA 9h 08m
PROGRESS Optimizing — 495/30,000 iterations (1.6%) — 1.0 it/s — elapsed 8m 08s — ETA 8h 04m
PROGRESS Optimizing — 556/30,000 iterations (1.9%) — 1.1 it/s — elapsed 8m 13s — ETA 7h 14m
PROGRESS Optimizing — 617/30,000 iterations (2.1%) — 1.2 it/s — elapsed 8m 18s — ETA 6h 35m
PROGRESS Optimizing — 678/30,000 iterations (2.3%) — 1.3 it/s — elapsed 8m 23s — ETA 6h 02m
PROGRESS Optimizing — 739/30,000 iterations (2.5%) — 1.5 it/s — elapsed 8m 28s — ETA 5h 35m
PROGRESS Optimizing — 800/30,000 iterations (2.7%) — 1.6 it/s — elapsed 8m 33s — ETA 5h 12m
PROGRESS Optimizing — 861/30,000 iterations (2.9%) — 1.7 it/s — elapsed 8m 38s — ETA 4h 52m
PROGRESS Optimizing — 922/30,000 iterations (3.1%) — 1.8 it/s — elapsed 8m 43s — ETA 4h 34m
PROGRESS Optimizing — 983/30,000 iterations (3.3%) — 1.9 it/s — elapsed 8m 48s — ETA 4h 19m
PROGRESS Optimizing — 1,023/30,000 iterations (3.4%) — 1.9 it/s — elapsed 8m 53s — ETA 4h 11m
PROGRESS Optimizing — 1,084/30,000 iterations (3.6%) — 2.0 it/s — elapsed 8m 58s — ETA 3h 59m
PROGRESS Optimizing — 1,146/30,000 iterations (3.8%) — 2.1 it/s — elapsed 9m 03s — ETA 3h 47m
PROGRESS Optimizing — 1,207/30,000 iterations (4.0%) — 2.2 it/s — elapsed 9m 08s — ETA 3h 37m
PROGRESS Optimizing — 1,269/30,000 iterations (4.2%) — 2.3 it/s — elapsed 9m 13s — ETA 3h 28m
PROGRESS Optimizing — 1,331/30,000 iterations (4.4%) — 2.4 it/s — elapsed 9m 18s — ETA 3h 20m
PROGRESS Optimizing — 1,393/30,000 iterations (4.6%) — 2.5 it/s — elapsed 9m 23s — ETA 3h 12m
PROGRESS Optimizing — 1,454/30,000 iterations (4.8%) — 2.6 it/s — elapsed 9m 28s — ETA 3h 05m
PROGRESS Optimizing — 1,516/30,000 iterations (5.1%) — 2.6 it/s — elapsed 9m 33s — ETA 2h 59m
PROGRESS Optimizing — 1,578/30,000 iterations (5.3%) — 2.7 it/s — elapsed 9m 39s — ETA 2h 53m
PROGRESS Optimizing — 1,639/30,000 iterations (5.5%) — 2.8 it/s — elapsed 9m 44s — ETA 2h 48m
PROGRESS Optimizing — 1,701/30,000 iterations (5.7%) — 2.9 it/s — elapsed 9m 49s — ETA 2h 43m
PROGRESS Optimizing — 1,763/30,000 iterations (5.9%) — 3.0 it/s — elapsed 9m 54s — ETA 2h 38m
PROGRESS Optimizing — 1,824/30,000 iterations (6.1%) — 3.0 it/s — elapsed 9m 59s — ETA 2h 34m
PROGRESS Optimizing — 1,886/30,000 iterations (6.3%) — 3.1 it/s — elapsed 10m 04s — ETA 2h 30m
PROGRESS Optimizing — 1,948/30,000 iterations (6.5%) — 3.2 it/s — elapsed 10m 09s — ETA 2h 26m
PROGRESS Optimizing — 2,001/30,000 iterations (6.7%) — 3.3 it/s — elapsed 10m 15s — ETA 2h 23m
PROGRESS Optimizing — 2,062/30,000 iterations (6.9%) — 3.3 it/s — elapsed 10m 20s — ETA 2h 20m
PROGRESS Optimizing — 2,123/30,000 iterations (7.1%) — 3.4 it/s — elapsed 10m 25s — ETA 2h 16m
PROGRESS Optimizing — 2,184/30,000 iterations (7.3%) — 3.5 it/s — elapsed 10m 30s — ETA 2h 13m
PROGRESS Optimizing — 2,245/30,000 iterations (7.5%) — 3.5 it/s — elapsed 10m 35s — ETA 2h 10m
PROGRESS Optimizing — 2,307/30,000 iterations (7.7%) — 3.6 it/s — elapsed 10m 40s — ETA 2h 08m
PROGRESS Optimizing — 2,369/30,000 iterations (7.9%) — 3.7 it/s — elapsed 10m 45s — ETA 2h 05m
PROGRESS Optimizing — 2,430/30,000 iterations (8.1%) — 3.7 it/s — elapsed 10m 50s — ETA 2h 02m
PROGRESS Optimizing — 2,491/30,000 iterations (8.3%) — 3.8 it/s — elapsed 10m 55s — ETA 2h 00m
PROGRESS Optimizing — 2,552/30,000 iterations (8.5%) — 3.9 it/s — elapsed 11m 00s — ETA 1h 58m
PROGRESS Optimizing — 2,613/30,000 iterations (8.7%) — 3.9 it/s — elapsed 11m 05s — ETA 1h 56m
PROGRESS Optimizing — 2,674/30,000 iterations (8.9%) — 4.0 it/s — elapsed 11m 10s — ETA 1h 54m
PROGRESS Optimizing — 2,735/30,000 iterations (9.1%) — 4.1 it/s — elapsed 11m 15s — ETA 1h 52m
PROGRESS Optimizing — 2,796/30,000 iterations (9.3%) — 4.1 it/s — elapsed 11m 20s — ETA 1h 50m
PROGRESS Optimizing — 2,857/30,000 iterations (9.5%) — 4.2 it/s — elapsed 11m 25s — ETA 1h 48m
PROGRESS Optimizing — 2,918/30,000 iterations (9.7%) — 4.2 it/s — elapsed 11m 30s — ETA 1h 46m
PROGRESS Optimizing — 2,979/30,000 iterations (9.9%) — 4.3 it/s — elapsed 11m 35s — ETA 1h 45m
PROGRESS Optimizing — 3,019/30,000 iterations (10.1%) — 4.3 it/s — elapsed 11m 40s — ETA 1h 44m
PROGRESS Optimizing — 3,080/30,000 iterations (10.3%) — 4.4 it/s — elapsed 11m 45s — ETA 1h 42m
PROGRESS Optimizing — 3,141/30,000 iterations (10.5%) — 4.4 it/s — elapsed 11m 50s — ETA 1h 41m
PROGRESS Optimizing — 3,202/30,000 iterations (10.7%) — 4.5 it/s — elapsed 11m 55s — ETA 1h 39m
PROGRESS Optimizing — 3,263/30,000 iterations (10.9%) — 4.5 it/s — elapsed 12m 00s — ETA 1h 38m
PROGRESS Optimizing — 3,324/30,000 iterations (11.1%) — 4.6 it/s — elapsed 12m 05s — ETA 1h 37m
PROGRESS Optimizing — 3,386/30,000 iterations (11.3%) — 4.6 it/s — elapsed 12m 10s — ETA 1h 35m
PROGRESS Optimizing — 3,447/30,000 iterations (11.5%) — 4.7 it/s — elapsed 12m 16s — ETA 1h 34m
PROGRESS Optimizing — 3,508/30,000 iterations (11.7%) — 4.7 it/s — elapsed 12m 21s — ETA 1h 33m
PROGRESS Optimizing — 3,570/30,000 iterations (11.9%) — 4.8 it/s — elapsed 12m 26s — ETA 1h 32m
PROGRESS Optimizing — 3,631/30,000 iterations (12.1%) — 4.8 it/s — elapsed 12m 31s — ETA 1h 30m
PROGRESS Optimizing — 3,692/30,000 iterations (12.3%) — 4.9 it/s — elapsed 12m 36s — ETA 1h 29m
PROGRESS Optimizing — 3,753/30,000 iterations (12.5%) — 4.9 it/s — elapsed 12m 41s — ETA 1h 28m
PROGRESS Optimizing — 3,814/30,000 iterations (12.7%) — 5.0 it/s — elapsed 12m 46s — ETA 1h 27m
PROGRESS Optimizing — 3,876/30,000 iterations (12.9%) — 5.0 it/s — elapsed 12m 51s — ETA 1h 26m
PROGRESS Optimizing — 3,937/30,000 iterations (13.1%) — 5.1 it/s — elapsed 12m 56s — ETA 1h 25m
PROGRESS Optimizing — 3,999/30,000 iterations (13.3%) — 5.1 it/s — elapsed 13m 01s — ETA 1h 24m
PROGRESS Optimizing — 4,039/30,000 iterations (13.5%) — 5.1 it/s — elapsed 13m 06s — ETA 1h 24m
PROGRESS Optimizing — 4,100/30,000 iterations (13.7%) — 5.2 it/s — elapsed 13m 11s — ETA 1h 23m
PROGRESS Optimizing — 4,161/30,000 iterations (13.9%) — 5.2 it/s — elapsed 13m 16s — ETA 1h 22m
PROGRESS Optimizing — 4,222/30,000 iterations (14.1%) — 5.3 it/s — elapsed 13m 21s — ETA 1h 21m
PROGRESS Optimizing — 4,283/30,000 iterations (14.3%) — 5.3 it/s — elapsed 13m 26s — ETA 1h 20m
PROGRESS Optimizing — 4,344/30,000 iterations (14.5%) — 5.4 it/s — elapsed 13m 31s — ETA 1h 19m
PROGRESS Optimizing — 4,405/30,000 iterations (14.7%) — 5.4 it/s — elapsed 13m 36s — ETA 1h 19m
PROGRESS Optimizing — 4,467/30,000 iterations (14.9%) — 5.4 it/s — elapsed 13m 41s — ETA 1h 18m
PROGRESS Optimizing — 4,528/30,000 iterations (15.1%) — 5.5 it/s — elapsed 13m 46s — ETA 1h 17m
PROGRESS Optimizing — 4,589/30,000 iterations (15.3%) — 5.5 it/s — elapsed 13m 51s — ETA 1h 16m
PROGRESS Optimizing — 4,650/30,000 iterations (15.5%) — 5.6 it/s — elapsed 13m 56s — ETA 1h 15m
PROGRESS Optimizing — 4,711/30,000 iterations (15.7%) — 5.6 it/s — elapsed 14m 01s — ETA 1h 15m
PROGRESS Optimizing — 4,772/30,000 iterations (15.9%) — 5.6 it/s — elapsed 14m 06s — ETA 1h 14m
PROGRESS Optimizing — 4,833/30,000 iterations (16.1%) — 5.7 it/s — elapsed 14m 11s — ETA 1h 13m
PROGRESS Optimizing — 4,895/30,000 iterations (16.3%) — 5.7 it/s — elapsed 14m 16s — ETA 1h 13m
PROGRESS Optimizing — 4,956/30,000 iterations (16.5%) — 5.8 it/s — elapsed 14m 21s — ETA 1h 12m
PROGRESS Optimizing — 5,001/30,000 iterations (16.7%) — 5.8 it/s — elapsed 14m 27s — ETA 1h 12m
PROGRESS Optimizing — 5,062/30,000 iterations (16.9%) — 5.8 it/s — elapsed 14m 32s — ETA 1h 11m
PROGRESS Optimizing — 5,123/30,000 iterations (17.1%) — 5.8 it/s — elapsed 14m 37s — ETA 1h 10m
PROGRESS Optimizing — 5,184/30,000 iterations (17.3%) — 5.9 it/s — elapsed 14m 42s — ETA 1h 10m
PROGRESS Optimizing — 5,245/30,000 iterations (17.5%) — 5.9 it/s — elapsed 14m 47s — ETA 1h 09m
PROGRESS Optimizing — 5,306/30,000 iterations (17.7%) — 5.9 it/s — elapsed 14m 52s — ETA 1h 09m
PROGRESS Optimizing — 5,367/30,000 iterations (17.9%) — 6.0 it/s — elapsed 14m 57s — ETA 1h 08m
PROGRESS Optimizing — 5,428/30,000 iterations (18.1%) — 6.0 it/s — elapsed 15m 02s — ETA 1h 08m
PROGRESS Optimizing — 5,489/30,000 iterations (18.3%) — 6.1 it/s — elapsed 15m 07s — ETA 1h 07m
PROGRESS Optimizing — 5,550/30,000 iterations (18.5%) — 6.1 it/s — elapsed 15m 12s — ETA 1h 06m
PROGRESS Optimizing — 5,611/30,000 iterations (18.7%) — 6.1 it/s — elapsed 15m 17s — ETA 1h 06m
PROGRESS Optimizing — 5,672/30,000 iterations (18.9%) — 6.2 it/s — elapsed 15m 22s — ETA 1h 05m
PROGRESS Optimizing — 5,733/30,000 iterations (19.1%) — 6.2 it/s — elapsed 15m 27s — ETA 1h 05m
PROGRESS Optimizing — 5,794/30,000 iterations (19.3%) — 6.2 it/s — elapsed 15m 32s — ETA 1h 04m
PROGRESS Optimizing — 5,855/30,000 iterations (19.5%) — 6.2 it/s — elapsed 15m 37s — ETA 1h 04m
PROGRESS Optimizing — 5,916/30,000 iterations (19.7%) — 6.3 it/s — elapsed 15m 42s — ETA 1h 03m
PROGRESS Optimizing — 5,977/30,000 iterations (19.9%) — 6.3 it/s — elapsed 15m 47s — ETA 1h 03m
PROGRESS Optimizing — 6,016/30,000 iterations (20.1%) — 6.3 it/s — elapsed 15m 52s — ETA 1h 03m
PROGRESS Optimizing — 6,077/30,000 iterations (20.3%) — 6.3 it/s — elapsed 15m 57s — ETA 1h 02m
PROGRESS Optimizing — 6,138/30,000 iterations (20.5%) — 6.4 it/s — elapsed 16m 02s — ETA 1h 02m
PROGRESS Optimizing — 6,199/30,000 iterations (20.7%) — 6.4 it/s — elapsed 16m 07s — ETA 1h 01m
PROGRESS Optimizing — 6,260/30,000 iterations (20.9%) — 6.4 it/s — elapsed 16m 12s — ETA 1h 01m
PROGRESS Optimizing — 6,321/30,000 iterations (21.1%) — 6.5 it/s — elapsed 16m 17s — ETA 1h 01m
PROGRESS Optimizing — 6,382/30,000 iterations (21.3%) — 6.5 it/s — elapsed 16m 22s — ETA 1h 00m
PROGRESS Optimizing — 6,443/30,000 iterations (21.5%) — 6.5 it/s — elapsed 16m 27s — ETA 1h 00m
PROGRESS Optimizing — 6,504/30,000 iterations (21.7%) — 6.6 it/s — elapsed 16m 33s — ETA 59m 46s
PROGRESS Optimizing — 6,565/30,000 iterations (21.9%) — 6.6 it/s — elapsed 16m 38s — ETA 59m 21s
PROGRESS Optimizing — 6,626/30,000 iterations (22.1%) — 6.6 it/s — elapsed 16m 43s — ETA 58m 57s
PROGRESS Optimizing — 6,687/30,000 iterations (22.3%) — 6.6 it/s — elapsed 16m 48s — ETA 58m 33s
PROGRESS Optimizing — 6,748/30,000 iterations (22.5%) — 6.7 it/s — elapsed 16m 53s — ETA 58m 09s
PROGRESS Optimizing — 6,809/30,000 iterations (22.7%) — 6.7 it/s — elapsed 16m 58s — ETA 57m 46s
PROGRESS Optimizing — 6,870/30,000 iterations (22.9%) — 6.7 it/s — elapsed 17m 03s — ETA 57m 23s
PROGRESS Optimizing — 6,931/30,000 iterations (23.1%) — 6.7 it/s — elapsed 17m 08s — ETA 57m 01s
PROGRESS Optimizing — 6,992/30,000 iterations (23.3%) — 6.8 it/s — elapsed 17m 13s — ETA 56m 38s
PROGRESS Optimizing — 7,032/30,000 iterations (23.4%) — 6.8 it/s — elapsed 17m 18s — ETA 56m 30s
PROGRESS Optimizing — 7,093/30,000 iterations (23.6%) — 6.8 it/s — elapsed 17m 23s — ETA 56m 08s
PROGRESS Optimizing — 7,154/30,000 iterations (23.8%) — 6.8 it/s — elapsed 17m 28s — ETA 55m 46s
PROGRESS Optimizing — 7,215/30,000 iterations (24.1%) — 6.9 it/s — elapsed 17m 33s — ETA 55m 25s
PROGRESS Optimizing — 7,276/30,000 iterations (24.3%) — 6.9 it/s — elapsed 17m 38s — ETA 55m 04s
PROGRESS Optimizing — 7,337/30,000 iterations (24.5%) — 6.9 it/s — elapsed 17m 43s — ETA 54m 43s
PROGRESS Optimizing — 7,398/30,000 iterations (24.7%) — 6.9 it/s — elapsed 17m 48s — ETA 54m 23s
PROGRESS Optimizing — 7,459/30,000 iterations (24.9%) — 7.0 it/s — elapsed 17m 53s — ETA 54m 02s
PROGRESS Optimizing — 7,521/30,000 iterations (25.1%) — 7.0 it/s — elapsed 17m 58s — ETA 53m 42s
PROGRESS Optimizing — 7,582/30,000 iterations (25.3%) — 7.0 it/s — elapsed 18m 03s — ETA 53m 22s
PROGRESS Optimizing — 7,643/30,000 iterations (25.5%) — 7.0 it/s — elapsed 18m 08s — ETA 53m 03s
PROGRESS Optimizing — 7,704/30,000 iterations (25.7%) — 7.0 it/s — elapsed 18m 13s — ETA 52m 44s
PROGRESS Optimizing — 7,765/30,000 iterations (25.9%) — 7.1 it/s — elapsed 18m 18s — ETA 52m 24s
PROGRESS Optimizing — 7,826/30,000 iterations (26.1%) — 7.1 it/s — elapsed 18m 23s — ETA 52m 06s
PROGRESS Optimizing — 7,887/30,000 iterations (26.3%) — 7.1 it/s — elapsed 18m 28s — ETA 51m 47s
PROGRESS Optimizing — 7,948/30,000 iterations (26.5%) — 7.1 it/s — elapsed 18m 33s — ETA 51m 29s
PROGRESS Optimizing — 8,001/30,000 iterations (26.7%) — 7.1 it/s — elapsed 18m 39s — ETA 51m 18s
PROGRESS Optimizing — 8,062/30,000 iterations (26.9%) — 7.2 it/s — elapsed 18m 44s — ETA 51m 00s
PROGRESS Optimizing — 8,123/30,000 iterations (27.1%) — 7.2 it/s — elapsed 18m 50s — ETA 50m 42s
PROGRESS Optimizing — 8,184/30,000 iterations (27.3%) — 7.2 it/s — elapsed 18m 55s — ETA 50m 24s
PROGRESS Optimizing — 8,245/30,000 iterations (27.5%) — 7.2 it/s — elapsed 19m 00s — ETA 50m 07s
PROGRESS Optimizing — 8,306/30,000 iterations (27.7%) — 7.3 it/s — elapsed 19m 05s — ETA 49m 50s
PROGRESS Optimizing — 8,367/30,000 iterations (27.9%) — 7.3 it/s — elapsed 19m 10s — ETA 49m 33s
PROGRESS Optimizing — 8,428/30,000 iterations (28.1%) — 7.3 it/s — elapsed 19m 15s — ETA 49m 16s
PROGRESS Optimizing — 8,489/30,000 iterations (28.3%) — 7.3 it/s — elapsed 19m 20s — ETA 48m 59s
PROGRESS Optimizing — 8,550/30,000 iterations (28.5%) — 7.3 it/s — elapsed 19m 25s — ETA 48m 42s
PROGRESS Optimizing — 8,611/30,000 iterations (28.7%) — 7.4 it/s — elapsed 19m 30s — ETA 48m 26s
PROGRESS Optimizing — 8,672/30,000 iterations (28.9%) — 7.4 it/s — elapsed 19m 35s — ETA 48m 09s
PROGRESS Optimizing — 8,733/30,000 iterations (29.1%) — 7.4 it/s — elapsed 19m 40s — ETA 47m 53s
PROGRESS Optimizing — 8,794/30,000 iterations (29.3%) — 7.4 it/s — elapsed 19m 45s — ETA 47m 37s
PROGRESS Optimizing — 8,855/30,000 iterations (29.5%) — 7.4 it/s — elapsed 19m 50s — ETA 47m 22s
PROGRESS Optimizing — 8,916/30,000 iterations (29.7%) — 7.5 it/s — elapsed 19m 55s — ETA 47m 06s
PROGRESS Optimizing — 8,977/30,000 iterations (29.9%) — 7.5 it/s — elapsed 20m 00s — ETA 46m 50s
PROGRESS Optimizing — 9,009/30,000 iterations (30.0%) — 7.5 it/s — elapsed 20m 05s — ETA 46m 48s
PROGRESS Optimizing — 9,070/30,000 iterations (30.2%) — 7.5 it/s — elapsed 20m 10s — ETA 46m 32s
PROGRESS Optimizing — 9,130/30,000 iterations (30.4%) — 7.5 it/s — elapsed 20m 15s — ETA 46m 17s
PROGRESS Optimizing — 9,191/30,000 iterations (30.6%) — 7.5 it/s — elapsed 20m 20s — ETA 46m 02s
PROGRESS Optimizing — 9,251/30,000 iterations (30.8%) — 7.6 it/s — elapsed 20m 25s — ETA 45m 48s
PROGRESS Optimizing — 9,311/30,000 iterations (31.0%) — 7.6 it/s — elapsed 20m 30s — ETA 45m 33s
PROGRESS Optimizing — 9,372/30,000 iterations (31.2%) — 7.6 it/s — elapsed 20m 35s — ETA 45m 19s
PROGRESS Optimizing — 9,433/30,000 iterations (31.4%) — 7.6 it/s — elapsed 20m 40s — ETA 45m 04s
PROGRESS Optimizing — 9,494/30,000 iterations (31.6%) — 7.6 it/s — elapsed 20m 45s — ETA 44m 50s
PROGRESS Optimizing — 9,554/30,000 iterations (31.8%) — 7.6 it/s — elapsed 20m 50s — ETA 44m 36s
PROGRESS Optimizing — 9,614/30,000 iterations (32.0%) — 7.7 it/s — elapsed 20m 55s — ETA 44m 22s
PROGRESS Optimizing — 9,675/30,000 iterations (32.2%) — 7.7 it/s — elapsed 21m 00s — ETA 44m 08s
PROGRESS Optimizing — 9,735/30,000 iterations (32.5%) — 7.7 it/s — elapsed 21m 05s — ETA 43m 54s
PROGRESS Optimizing — 9,796/30,000 iterations (32.7%) — 7.7 it/s — elapsed 21m 11s — ETA 43m 40s
PROGRESS Optimizing — 9,857/30,000 iterations (32.9%) — 7.7 it/s — elapsed 21m 16s — ETA 43m 27s
PROGRESS Optimizing — 9,918/30,000 iterations (33.1%) — 7.7 it/s — elapsed 21m 21s — ETA 43m 13s
PROGRESS Optimizing — 9,979/30,000 iterations (33.3%) — 7.8 it/s — elapsed 21m 26s — ETA 42m 59s
PROGRESS Optimizing — 10,017/30,000 iterations (33.4%) — 7.8 it/s — elapsed 21m 31s — ETA 42m 55s
PROGRESS Optimizing — 10,077/30,000 iterations (33.6%) — 7.8 it/s — elapsed 21m 36s — ETA 42m 42s
PROGRESS Optimizing — 10,137/30,000 iterations (33.8%) — 7.8 it/s — elapsed 21m 41s — ETA 42m 29s
PROGRESS Optimizing — 10,198/30,000 iterations (34.0%) — 7.8 it/s — elapsed 21m 46s — ETA 42m 15s
PROGRESS Optimizing — 10,258/30,000 iterations (34.2%) — 7.8 it/s — elapsed 21m 51s — ETA 42m 03s
PROGRESS Optimizing — 10,319/30,000 iterations (34.4%) — 7.8 it/s — elapsed 21m 56s — ETA 41m 50s
PROGRESS Optimizing — 10,380/30,000 iterations (34.6%) — 7.9 it/s — elapsed 22m 01s — ETA 41m 37s
PROGRESS Optimizing — 10,440/30,000 iterations (34.8%) — 7.9 it/s — elapsed 22m 06s — ETA 41m 24s
PROGRESS Optimizing — 10,500/30,000 iterations (35.0%) — 7.9 it/s — elapsed 22m 11s — ETA 41m 12s
PROGRESS Optimizing — 10,560/30,000 iterations (35.2%) — 7.9 it/s — elapsed 22m 16s — ETA 41m 00s
PROGRESS Optimizing — 10,620/30,000 iterations (35.4%) — 7.9 it/s — elapsed 22m 21s — ETA 40m 47s
PROGRESS Optimizing — 10,680/30,000 iterations (35.6%) — 7.9 it/s — elapsed 22m 26s — ETA 40m 35s
PROGRESS Optimizing — 10,740/30,000 iterations (35.8%) — 7.9 it/s — elapsed 22m 31s — ETA 40m 23s
PROGRESS Optimizing — 10,801/30,000 iterations (36.0%) — 8.0 it/s — elapsed 22m 36s — ETA 40m 11s
PROGRESS Optimizing — 10,862/30,000 iterations (36.2%) — 8.0 it/s — elapsed 22m 41s — ETA 39m 58s
PROGRESS Optimizing — 10,922/30,000 iterations (36.4%) — 8.0 it/s — elapsed 22m 46s — ETA 39m 47s
PROGRESS Optimizing — 10,982/30,000 iterations (36.6%) — 8.0 it/s — elapsed 22m 51s — ETA 39m 35s
PROGRESS Optimizing — 11,020/30,000 iterations (36.7%) — 8.0 it/s — elapsed 22m 56s — ETA 39m 31s
PROGRESS Optimizing — 11,080/30,000 iterations (36.9%) — 8.0 it/s — elapsed 23m 01s — ETA 39m 19s
PROGRESS Optimizing — 11,140/30,000 iterations (37.1%) — 8.0 it/s — elapsed 23m 06s — ETA 39m 07s
PROGRESS Optimizing — 11,200/30,000 iterations (37.3%) — 8.0 it/s — elapsed 23m 12s — ETA 38m 56s
PROGRESS Optimizing — 11,260/30,000 iterations (37.5%) — 8.1 it/s — elapsed 23m 17s — ETA 38m 44s
PROGRESS Optimizing — 11,320/30,000 iterations (37.7%) — 8.1 it/s — elapsed 23m 22s — ETA 38m 33s
PROGRESS Optimizing — 11,380/30,000 iterations (37.9%) — 8.1 it/s — elapsed 23m 27s — ETA 38m 22s
PROGRESS Optimizing — 11,440/30,000 iterations (38.1%) — 8.1 it/s — elapsed 23m 32s — ETA 38m 10s
PROGRESS Optimizing — 11,500/30,000 iterations (38.3%) — 8.1 it/s — elapsed 23m 37s — ETA 37m 59s
PROGRESS Optimizing — 11,561/30,000 iterations (38.5%) — 8.1 it/s — elapsed 23m 42s — ETA 37m 48s
PROGRESS Optimizing — 11,622/30,000 iterations (38.7%) — 8.1 it/s — elapsed 23m 47s — ETA 37m 36s
PROGRESS Optimizing — 11,682/30,000 iterations (38.9%) — 8.2 it/s — elapsed 23m 52s — ETA 37m 25s
PROGRESS Optimizing — 11,742/30,000 iterations (39.1%) — 8.2 it/s — elapsed 23m 57s — ETA 37m 14s
PROGRESS Optimizing — 11,802/30,000 iterations (39.3%) — 8.2 it/s — elapsed 24m 02s — ETA 37m 03s
PROGRESS Optimizing — 11,863/30,000 iterations (39.5%) — 8.2 it/s — elapsed 24m 07s — ETA 36m 52s
PROGRESS Optimizing — 11,924/30,000 iterations (39.7%) — 8.2 it/s — elapsed 24m 12s — ETA 36m 41s
PROGRESS Optimizing — 11,985/30,000 iterations (40.0%) — 8.2 it/s — elapsed 24m 17s — ETA 36m 30s
PROGRESS Optimizing — 12,021/30,000 iterations (40.1%) — 8.2 it/s — elapsed 24m 22s — ETA 36m 27s
PROGRESS Optimizing — 12,081/30,000 iterations (40.3%) — 8.2 it/s — elapsed 24m 27s — ETA 36m 16s
PROGRESS Optimizing — 12,142/30,000 iterations (40.5%) — 8.2 it/s — elapsed 24m 32s — ETA 36m 05s
PROGRESS Optimizing — 12,203/30,000 iterations (40.7%) — 8.3 it/s — elapsed 24m 37s — ETA 35m 55s
PROGRESS Optimizing — 12,264/30,000 iterations (40.9%) — 8.3 it/s — elapsed 24m 42s — ETA 35m 44s
PROGRESS Optimizing — 12,325/30,000 iterations (41.1%) — 8.3 it/s — elapsed 24m 47s — ETA 35m 33s
PROGRESS Optimizing — 12,386/30,000 iterations (41.3%) — 8.3 it/s — elapsed 24m 52s — ETA 35m 22s
PROGRESS Optimizing — 12,447/30,000 iterations (41.5%) — 8.3 it/s — elapsed 24m 58s — ETA 35m 12s
PROGRESS Optimizing — 12,507/30,000 iterations (41.7%) — 8.3 it/s — elapsed 25m 03s — ETA 35m 02s
PROGRESS Optimizing — 12,568/30,000 iterations (41.9%) — 8.3 it/s — elapsed 25m 08s — ETA 34m 51s
PROGRESS Optimizing — 12,628/30,000 iterations (42.1%) — 8.3 it/s — elapsed 25m 13s — ETA 34m 41s
PROGRESS Optimizing — 12,689/30,000 iterations (42.3%) — 8.4 it/s — elapsed 25m 18s — ETA 34m 31s
PROGRESS Optimizing — 12,749/30,000 iterations (42.5%) — 8.4 it/s — elapsed 25m 23s — ETA 34m 20s
PROGRESS Optimizing — 12,809/30,000 iterations (42.7%) — 8.4 it/s — elapsed 25m 28s — ETA 34m 10s
PROGRESS Optimizing — 12,869/30,000 iterations (42.9%) — 8.4 it/s — elapsed 25m 33s — ETA 34m 00s
PROGRESS Optimizing — 12,929/30,000 iterations (43.1%) — 8.4 it/s — elapsed 25m 38s — ETA 33m 51s
PROGRESS Optimizing — 12,989/30,000 iterations (43.3%) — 8.4 it/s — elapsed 25m 43s — ETA 33m 41s
PROGRESS Optimizing — 13,026/30,000 iterations (43.4%) — 8.4 it/s — elapsed 25m 48s — ETA 33m 37s
PROGRESS Optimizing — 13,086/30,000 iterations (43.6%) — 8.4 it/s — elapsed 25m 53s — ETA 33m 27s
PROGRESS Optimizing — 13,147/30,000 iterations (43.8%) — 8.4 it/s — elapsed 25m 58s — ETA 33m 17s
PROGRESS Optimizing — 13,208/30,000 iterations (44.0%) — 8.5 it/s — elapsed 26m 03s — ETA 33m 07s
PROGRESS Optimizing — 13,268/30,000 iterations (44.2%) — 8.5 it/s — elapsed 26m 08s — ETA 32m 57s
PROGRESS Optimizing — 13,327/30,000 iterations (44.4%) — 8.5 it/s — elapsed 26m 13s — ETA 32m 48s
PROGRESS Optimizing — 13,387/30,000 iterations (44.6%) — 8.5 it/s — elapsed 26m 18s — ETA 32m 38s
PROGRESS Optimizing — 13,447/30,000 iterations (44.8%) — 8.5 it/s — elapsed 26m 23s — ETA 32m 29s
PROGRESS Optimizing — 13,507/30,000 iterations (45.0%) — 8.5 it/s — elapsed 26m 28s — ETA 32m 19s
PROGRESS Optimizing — 13,567/30,000 iterations (45.2%) — 8.5 it/s — elapsed 26m 33s — ETA 32m 10s
PROGRESS Optimizing — 13,627/30,000 iterations (45.4%) — 8.5 it/s — elapsed 26m 38s — ETA 32m 00s
PROGRESS Optimizing — 13,687/30,000 iterations (45.6%) — 8.5 it/s — elapsed 26m 43s — ETA 31m 51s
PROGRESS Optimizing — 13,747/30,000 iterations (45.8%) — 8.5 it/s — elapsed 26m 48s — ETA 31m 41s
PROGRESS Optimizing — 13,807/30,000 iterations (46.0%) — 8.6 it/s — elapsed 26m 53s — ETA 31m 32s
PROGRESS Optimizing — 13,867/30,000 iterations (46.2%) — 8.6 it/s — elapsed 26m 58s — ETA 31m 23s
PROGRESS Optimizing — 13,928/30,000 iterations (46.4%) — 8.6 it/s — elapsed 27m 03s — ETA 31m 13s
PROGRESS Optimizing — 13,989/30,000 iterations (46.6%) — 8.6 it/s — elapsed 27m 08s — ETA 31m 04s
PROGRESS Optimizing — 14,028/30,000 iterations (46.8%) — 8.6 it/s — elapsed 27m 13s — ETA 31m 00s
PROGRESS Optimizing — 14,089/30,000 iterations (47.0%) — 8.6 it/s — elapsed 27m 19s — ETA 30m 50s
PROGRESS Optimizing — 14,149/30,000 iterations (47.2%) — 8.6 it/s — elapsed 27m 24s — ETA 30m 41s
PROGRESS Optimizing — 14,209/30,000 iterations (47.4%) — 8.6 it/s — elapsed 27m 29s — ETA 30m 32s
PROGRESS Optimizing — 14,270/30,000 iterations (47.6%) — 8.6 it/s — elapsed 27m 34s — ETA 30m 23s
PROGRESS Optimizing — 14,330/30,000 iterations (47.8%) — 8.6 it/s — elapsed 27m 39s — ETA 30m 14s
PROGRESS Optimizing — 14,390/30,000 iterations (48.0%) — 8.6 it/s — elapsed 27m 44s — ETA 30m 05s
PROGRESS Optimizing — 14,450/30,000 iterations (48.2%) — 8.7 it/s — elapsed 27m 49s — ETA 29m 56s
PROGRESS Optimizing — 14,510/30,000 iterations (48.4%) — 8.7 it/s — elapsed 27m 54s — ETA 29m 47s
PROGRESS Optimizing — 14,571/30,000 iterations (48.6%) — 8.7 it/s — elapsed 27m 59s — ETA 29m 38s
PROGRESS Optimizing — 14,631/30,000 iterations (48.8%) — 8.7 it/s — elapsed 28m 04s — ETA 29m 29s
PROGRESS Optimizing — 14,691/30,000 iterations (49.0%) — 8.7 it/s — elapsed 28m 09s — ETA 29m 20s
PROGRESS Optimizing — 14,751/30,000 iterations (49.2%) — 8.7 it/s — elapsed 28m 14s — ETA 29m 11s
PROGRESS Optimizing — 14,811/30,000 iterations (49.4%) — 8.7 it/s — elapsed 28m 19s — ETA 29m 02s
PROGRESS Optimizing — 14,872/30,000 iterations (49.6%) — 8.7 it/s — elapsed 28m 24s — ETA 28m 53s
PROGRESS Optimizing — 14,932/30,000 iterations (49.8%) — 8.7 it/s — elapsed 28m 29s — ETA 28m 45s
PROGRESS Optimizing — 14,993/30,000 iterations (50.0%) — 8.7 it/s — elapsed 28m 34s — ETA 28m 36s
PROGRESS Optimizing — 15,031/30,000 iterations (50.1%) — 8.7 it/s — elapsed 28m 39s — ETA 28m 32s
PROGRESS Optimizing — 15,091/30,000 iterations (50.3%) — 8.8 it/s — elapsed 28m 44s — ETA 28m 23s
PROGRESS Optimizing — 15,151/30,000 iterations (50.5%) — 8.8 it/s — elapsed 28m 49s — ETA 28m 15s
PROGRESS Optimizing — 15,211/30,000 iterations (50.7%) — 8.8 it/s — elapsed 28m 54s — ETA 28m 06s
PROGRESS Optimizing — 15,271/30,000 iterations (50.9%) — 8.8 it/s — elapsed 28m 59s — ETA 27m 58s
PROGRESS Optimizing — 15,331/30,000 iterations (51.1%) — 8.8 it/s — elapsed 29m 04s — ETA 27m 49s
PROGRESS Optimizing — 15,392/30,000 iterations (51.3%) — 8.8 it/s — elapsed 29m 09s — ETA 27m 40s
PROGRESS Optimizing — 15,452/30,000 iterations (51.5%) — 8.8 it/s — elapsed 29m 14s — ETA 27m 32s
PROGRESS Optimizing — 15,511/30,000 iterations (51.7%) — 8.8 it/s — elapsed 29m 19s — ETA 27m 24s
PROGRESS Optimizing — 15,570/30,000 iterations (51.9%) — 8.8 it/s — elapsed 29m 24s — ETA 27m 15s
PROGRESS Optimizing — 15,630/30,000 iterations (52.1%) — 8.8 it/s — elapsed 29m 29s — ETA 27m 07s
PROGRESS Optimizing — 15,690/30,000 iterations (52.3%) — 8.8 it/s — elapsed 29m 35s — ETA 26m 58s
PROGRESS Optimizing — 15,750/30,000 iterations (52.5%) — 8.9 it/s — elapsed 29m 40s — ETA 26m 50s
PROGRESS Optimizing — 15,810/30,000 iterations (52.7%) — 8.9 it/s — elapsed 29m 45s — ETA 26m 42s
PROGRESS Optimizing — 15,870/30,000 iterations (52.9%) — 8.9 it/s — elapsed 29m 50s — ETA 26m 33s
PROGRESS Optimizing — 15,929/30,000 iterations (53.1%) — 8.9 it/s — elapsed 29m 55s — ETA 26m 25s
PROGRESS Optimizing — 15,989/30,000 iterations (53.3%) — 8.9 it/s — elapsed 30m 00s — ETA 26m 17s
PROGRESS Optimizing — 16,027/30,000 iterations (53.4%) — 8.9 it/s — elapsed 30m 05s — ETA 26m 13s
PROGRESS Optimizing — 16,086/30,000 iterations (53.6%) — 8.9 it/s — elapsed 30m 10s — ETA 26m 05s
PROGRESS Optimizing — 16,146/30,000 iterations (53.8%) — 8.9 it/s — elapsed 30m 15s — ETA 25m 57s
PROGRESS Optimizing — 16,206/30,000 iterations (54.0%) — 8.9 it/s — elapsed 30m 20s — ETA 25m 49s
PROGRESS Optimizing — 16,265/30,000 iterations (54.2%) — 8.9 it/s — elapsed 30m 25s — ETA 25m 41s
PROGRESS Optimizing — 16,325/30,000 iterations (54.4%) — 8.9 it/s — elapsed 30m 30s — ETA 25m 33s
PROGRESS Optimizing — 16,385/30,000 iterations (54.6%) — 8.9 it/s — elapsed 30m 35s — ETA 25m 25s
PROGRESS Optimizing — 16,445/30,000 iterations (54.8%) — 8.9 it/s — elapsed 30m 40s — ETA 25m 17s
PROGRESS Optimizing — 16,506/30,000 iterations (55.0%) — 8.9 it/s — elapsed 30m 45s — ETA 25m 08s
PROGRESS Optimizing — 16,566/30,000 iterations (55.2%) — 9.0 it/s — elapsed 30m 50s — ETA 25m 00s
PROGRESS Optimizing — 16,626/30,000 iterations (55.4%) — 9.0 it/s — elapsed 30m 55s — ETA 24m 52s
PROGRESS Optimizing — 16,687/30,000 iterations (55.6%) — 9.0 it/s — elapsed 31m 00s — ETA 24m 44s
PROGRESS Optimizing — 16,745/30,000 iterations (55.8%) — 9.0 it/s — elapsed 31m 05s — ETA 24m 36s
PROGRESS Optimizing — 16,805/30,000 iterations (56.0%) — 9.0 it/s — elapsed 31m 10s — ETA 24m 28s
PROGRESS Optimizing — 16,865/30,000 iterations (56.2%) — 9.0 it/s — elapsed 31m 15s — ETA 24m 20s
PROGRESS Optimizing — 16,925/30,000 iterations (56.4%) — 9.0 it/s — elapsed 31m 20s — ETA 24m 13s
PROGRESS Optimizing — 16,983/30,000 iterations (56.6%) — 9.0 it/s — elapsed 31m 25s — ETA 24m 05s
PROGRESS Optimizing — 17,021/30,000 iterations (56.7%) — 9.0 it/s — elapsed 31m 30s — ETA 24m 01s
PROGRESS Optimizing — 17,081/30,000 iterations (56.9%) — 9.0 it/s — elapsed 31m 35s — ETA 23m 54s
PROGRESS Optimizing — 17,141/30,000 iterations (57.1%) — 9.0 it/s — elapsed 31m 40s — ETA 23m 46s
PROGRESS Optimizing — 17,202/30,000 iterations (57.3%) — 9.0 it/s — elapsed 31m 45s — ETA 23m 38s
PROGRESS Optimizing — 17,263/30,000 iterations (57.5%) — 9.0 it/s — elapsed 31m 50s — ETA 23m 30s
PROGRESS Optimizing — 17,324/30,000 iterations (57.7%) — 9.0 it/s — elapsed 31m 56s — ETA 23m 22s
PROGRESS Optimizing — 17,384/30,000 iterations (57.9%) — 9.1 it/s — elapsed 32m 01s — ETA 23m 14s
PROGRESS Optimizing — 17,444/30,000 iterations (58.1%) — 9.1 it/s — elapsed 32m 06s — ETA 23m 06s
PROGRESS Optimizing — 17,504/30,000 iterations (58.3%) — 9.1 it/s — elapsed 32m 11s — ETA 22m 58s
PROGRESS Optimizing — 17,564/30,000 iterations (58.5%) — 9.1 it/s — elapsed 32m 16s — ETA 22m 51s
PROGRESS Optimizing — 17,624/30,000 iterations (58.7%) — 9.1 it/s — elapsed 32m 21s — ETA 22m 43s
PROGRESS Optimizing — 17,683/30,000 iterations (58.9%) — 9.1 it/s — elapsed 32m 26s — ETA 22m 35s
PROGRESS Optimizing — 17,743/30,000 iterations (59.1%) — 9.1 it/s — elapsed 32m 31s — ETA 22m 28s
PROGRESS Optimizing — 17,803/30,000 iterations (59.3%) — 9.1 it/s — elapsed 32m 36s — ETA 22m 20s
PROGRESS Optimizing — 17,864/30,000 iterations (59.5%) — 9.1 it/s — elapsed 32m 41s — ETA 22m 12s
PROGRESS Optimizing — 17,924/30,000 iterations (59.7%) — 9.1 it/s — elapsed 32m 46s — ETA 22m 05s
PROGRESS Optimizing — 17,984/30,000 iterations (59.9%) — 9.1 it/s — elapsed 32m 51s — ETA 21m 57s
PROGRESS Optimizing — 18,023/30,000 iterations (60.1%) — 9.1 it/s — elapsed 32m 56s — ETA 21m 53s
PROGRESS Optimizing — 18,084/30,000 iterations (60.3%) — 9.1 it/s — elapsed 33m 01s — ETA 21m 45s
PROGRESS Optimizing — 18,144/30,000 iterations (60.5%) — 9.1 it/s — elapsed 33m 06s — ETA 21m 38s
PROGRESS Optimizing — 18,203/30,000 iterations (60.7%) — 9.1 it/s — elapsed 33m 11s — ETA 21m 30s
PROGRESS Optimizing — 18,264/30,000 iterations (60.9%) — 9.1 it/s — elapsed 33m 16s — ETA 21m 23s
PROGRESS Optimizing — 18,325/30,000 iterations (61.1%) — 9.2 it/s — elapsed 33m 21s — ETA 21m 15s
PROGRESS Optimizing — 18,386/30,000 iterations (61.3%) — 9.2 it/s — elapsed 33m 26s — ETA 21m 07s
PROGRESS Optimizing — 18,446/30,000 iterations (61.5%) — 9.2 it/s — elapsed 33m 31s — ETA 21m 00s
PROGRESS Optimizing — 18,506/30,000 iterations (61.7%) — 9.2 it/s — elapsed 33m 36s — ETA 20m 52s
PROGRESS Optimizing — 18,565/30,000 iterations (61.9%) — 9.2 it/s — elapsed 33m 41s — ETA 20m 45s
PROGRESS Optimizing — 18,625/30,000 iterations (62.1%) — 9.2 it/s — elapsed 33m 46s — ETA 20m 38s
PROGRESS Optimizing — 18,686/30,000 iterations (62.3%) — 9.2 it/s — elapsed 33m 52s — ETA 20m 30s
PROGRESS Optimizing — 18,747/30,000 iterations (62.5%) — 9.2 it/s — elapsed 33m 57s — ETA 20m 22s
PROGRESS Optimizing — 18,808/30,000 iterations (62.7%) — 9.2 it/s — elapsed 34m 02s — ETA 20m 15s
PROGRESS Optimizing — 18,869/30,000 iterations (62.9%) — 9.2 it/s — elapsed 34m 07s — ETA 20m 07s
PROGRESS Optimizing — 18,930/30,000 iterations (63.1%) — 9.2 it/s — elapsed 34m 12s — ETA 20m 00s
PROGRESS Optimizing — 18,991/30,000 iterations (63.3%) — 9.2 it/s — elapsed 34m 17s — ETA 19m 52s
PROGRESS Optimizing — 19,029/30,000 iterations (63.4%) — 9.2 it/s — elapsed 34m 22s — ETA 19m 49s
PROGRESS Optimizing — 19,090/30,000 iterations (63.6%) — 9.2 it/s — elapsed 34m 27s — ETA 19m 41s
PROGRESS Optimizing — 19,150/30,000 iterations (63.8%) — 9.2 it/s — elapsed 34m 32s — ETA 19m 34s
PROGRESS Optimizing — 19,210/30,000 iterations (64.0%) — 9.2 it/s — elapsed 34m 37s — ETA 19m 27s
PROGRESS Optimizing — 19,270/30,000 iterations (64.2%) — 9.3 it/s — elapsed 34m 42s — ETA 19m 19s
PROGRESS Optimizing — 19,331/30,000 iterations (64.4%) — 9.3 it/s — elapsed 34m 47s — ETA 19m 12s
PROGRESS Optimizing — 19,392/30,000 iterations (64.6%) — 9.3 it/s — elapsed 34m 52s — ETA 19m 04s
PROGRESS Optimizing — 19,452/30,000 iterations (64.8%) — 9.3 it/s — elapsed 34m 57s — ETA 18m 57s
PROGRESS Optimizing — 19,512/30,000 iterations (65.0%) — 9.3 it/s — elapsed 35m 02s — ETA 18m 50s
PROGRESS Optimizing — 19,573/30,000 iterations (65.2%) — 9.3 it/s — elapsed 35m 07s — ETA 18m 43s
PROGRESS Optimizing — 19,634/30,000 iterations (65.4%) — 9.3 it/s — elapsed 35m 12s — ETA 18m 35s
PROGRESS Optimizing — 19,695/30,000 iterations (65.7%) — 9.3 it/s — elapsed 35m 17s — ETA 18m 28s
PROGRESS Optimizing — 19,756/30,000 iterations (65.9%) — 9.3 it/s — elapsed 35m 22s — ETA 18m 21s
PROGRESS Optimizing — 19,817/30,000 iterations (66.1%) — 9.3 it/s — elapsed 35m 27s — ETA 18m 13s
PROGRESS Optimizing — 19,878/30,000 iterations (66.3%) — 9.3 it/s — elapsed 35m 33s — ETA 18m 06s
PROGRESS Optimizing — 19,938/30,000 iterations (66.5%) — 9.3 it/s — elapsed 35m 38s — ETA 17m 59s
PROGRESS Optimizing — 19,999/30,000 iterations (66.7%) — 9.3 it/s — elapsed 35m 43s — ETA 17m 51s
PROGRESS Optimizing — 20,037/30,000 iterations (66.8%) — 9.3 it/s — elapsed 35m 48s — ETA 17m 48s
PROGRESS Optimizing — 20,097/30,000 iterations (67.0%) — 9.3 it/s — elapsed 35m 53s — ETA 17m 41s
PROGRESS Optimizing — 20,158/30,000 iterations (67.2%) — 9.3 it/s — elapsed 35m 58s — ETA 17m 34s
PROGRESS Optimizing — 20,218/30,000 iterations (67.4%) — 9.3 it/s — elapsed 36m 03s — ETA 17m 26s
PROGRESS Optimizing — 20,279/30,000 iterations (67.6%) — 9.4 it/s — elapsed 36m 08s — ETA 17m 19s
PROGRESS Optimizing — 20,339/30,000 iterations (67.8%) — 9.4 it/s — elapsed 36m 13s — ETA 17m 12s
PROGRESS Optimizing — 20,399/30,000 iterations (68.0%) — 9.4 it/s — elapsed 36m 18s — ETA 17m 05s
PROGRESS Optimizing — 20,460/30,000 iterations (68.2%) — 9.4 it/s — elapsed 36m 23s — ETA 16m 58s
PROGRESS Optimizing — 20,521/30,000 iterations (68.4%) — 9.4 it/s — elapsed 36m 28s — ETA 16m 51s
PROGRESS Optimizing — 20,583/30,000 iterations (68.6%) — 9.4 it/s — elapsed 36m 33s — ETA 16m 43s
PROGRESS Optimizing — 20,644/30,000 iterations (68.8%) — 9.4 it/s — elapsed 36m 38s — ETA 16m 36s
PROGRESS Optimizing — 20,705/30,000 iterations (69.0%) — 9.4 it/s — elapsed 36m 43s — ETA 16m 29s
PROGRESS Optimizing — 20,766/30,000 iterations (69.2%) — 9.4 it/s — elapsed 36m 48s — ETA 16m 22s
PROGRESS Optimizing — 20,827/30,000 iterations (69.4%) — 9.4 it/s — elapsed 36m 53s — ETA 16m 15s
PROGRESS Optimizing — 20,888/30,000 iterations (69.6%) — 9.4 it/s — elapsed 36m 58s — ETA 16m 08s
PROGRESS Optimizing — 20,950/30,000 iterations (69.8%) — 9.4 it/s — elapsed 37m 03s — ETA 16m 00s
PROGRESS Optimizing — 21,001/30,000 iterations (70.0%) — 9.4 it/s — elapsed 37m 09s — ETA 15m 55s
PROGRESS Optimizing — 21,062/30,000 iterations (70.2%) — 9.4 it/s — elapsed 37m 14s — ETA 15m 48s
PROGRESS Optimizing — 21,123/30,000 iterations (70.4%) — 9.4 it/s — elapsed 37m 19s — ETA 15m 41s
PROGRESS Optimizing — 21,184/30,000 iterations (70.6%) — 9.4 it/s — elapsed 37m 24s — ETA 15m 34s
PROGRESS Optimizing — 21,245/30,000 iterations (70.8%) — 9.4 it/s — elapsed 37m 29s — ETA 15m 27s
PROGRESS Optimizing — 21,306/30,000 iterations (71.0%) — 9.5 it/s — elapsed 37m 34s — ETA 15m 20s
PROGRESS Optimizing — 21,367/30,000 iterations (71.2%) — 9.5 it/s — elapsed 37m 39s — ETA 15m 13s
PROGRESS Optimizing — 21,428/30,000 iterations (71.4%) — 9.5 it/s — elapsed 37m 44s — ETA 15m 06s
PROGRESS Optimizing — 21,489/30,000 iterations (71.6%) — 9.5 it/s — elapsed 37m 49s — ETA 14m 59s
PROGRESS Optimizing — 21,550/30,000 iterations (71.8%) — 9.5 it/s — elapsed 37m 54s — ETA 14m 52s
PROGRESS Optimizing — 21,611/30,000 iterations (72.0%) — 9.5 it/s — elapsed 37m 59s — ETA 14m 45s
PROGRESS Optimizing — 21,673/30,000 iterations (72.2%) — 9.5 it/s — elapsed 38m 05s — ETA 14m 38s
PROGRESS Optimizing — 21,734/30,000 iterations (72.4%) — 9.5 it/s — elapsed 38m 10s — ETA 14m 31s
PROGRESS Optimizing — 21,795/30,000 iterations (72.7%) — 9.5 it/s — elapsed 38m 15s — ETA 14m 24s
PROGRESS Optimizing — 21,856/30,000 iterations (72.9%) — 9.5 it/s — elapsed 38m 20s — ETA 14m 17s
PROGRESS Optimizing — 21,917/30,000 iterations (73.1%) — 9.5 it/s — elapsed 38m 25s — ETA 14m 10s
PROGRESS Optimizing — 21,978/30,000 iterations (73.3%) — 9.5 it/s — elapsed 38m 30s — ETA 14m 03s
PROGRESS Optimizing — 22,018/30,000 iterations (73.4%) — 9.5 it/s — elapsed 38m 35s — ETA 13m 59s
PROGRESS Optimizing — 22,079/30,000 iterations (73.6%) — 9.5 it/s — elapsed 38m 40s — ETA 13m 52s
PROGRESS Optimizing — 22,140/30,000 iterations (73.8%) — 9.5 it/s — elapsed 38m 45s — ETA 13m 45s
PROGRESS Optimizing — 22,201/30,000 iterations (74.0%) — 9.5 it/s — elapsed 38m 50s — ETA 13m 38s
PROGRESS Optimizing — 22,262/30,000 iterations (74.2%) — 9.5 it/s — elapsed 38m 55s — ETA 13m 32s
PROGRESS Optimizing — 22,323/30,000 iterations (74.4%) — 9.5 it/s — elapsed 39m 00s — ETA 13m 25s
PROGRESS Optimizing — 22,384/30,000 iterations (74.6%) — 9.5 it/s — elapsed 39m 05s — ETA 13m 18s
PROGRESS Optimizing — 22,445/30,000 iterations (74.8%) — 9.6 it/s — elapsed 39m 10s — ETA 13m 11s
PROGRESS Optimizing — 22,506/30,000 iterations (75.0%) — 9.6 it/s — elapsed 39m 15s — ETA 13m 04s
PROGRESS Optimizing — 22,567/30,000 iterations (75.2%) — 9.6 it/s — elapsed 39m 20s — ETA 12m 57s
PROGRESS Optimizing — 22,628/30,000 iterations (75.4%) — 9.6 it/s — elapsed 39m 25s — ETA 12m 50s
PROGRESS Optimizing — 22,690/30,000 iterations (75.6%) — 9.6 it/s — elapsed 39m 30s — ETA 12m 44s
PROGRESS Optimizing — 22,751/30,000 iterations (75.8%) — 9.6 it/s — elapsed 39m 35s — ETA 12m 37s
PROGRESS Optimizing — 22,812/30,000 iterations (76.0%) — 9.6 it/s — elapsed 39m 40s — ETA 12m 30s
PROGRESS Optimizing — 22,873/30,000 iterations (76.2%) — 9.6 it/s — elapsed 39m 45s — ETA 12m 23s
PROGRESS Optimizing — 22,934/30,000 iterations (76.4%) — 9.6 it/s — elapsed 39m 50s — ETA 12m 16s
PROGRESS Optimizing — 22,995/30,000 iterations (76.7%) — 9.6 it/s — elapsed 39m 55s — ETA 12m 10s
PROGRESS Optimizing — 23,031/30,000 iterations (76.8%) — 9.6 it/s — elapsed 40m 00s — ETA 12m 06s
PROGRESS Optimizing — 23,093/30,000 iterations (77.0%) — 9.6 it/s — elapsed 40m 05s — ETA 11m 59s
PROGRESS Optimizing — 23,154/30,000 iterations (77.2%) — 9.6 it/s — elapsed 40m 10s — ETA 11m 53s
PROGRESS Optimizing — 23,214/30,000 iterations (77.4%) — 9.6 it/s — elapsed 40m 15s — ETA 11m 46s
PROGRESS Optimizing — 23,275/30,000 iterations (77.6%) — 9.6 it/s — elapsed 40m 20s — ETA 11m 39s
PROGRESS Optimizing — 23,336/30,000 iterations (77.8%) — 9.6 it/s — elapsed 40m 25s — ETA 11m 33s
PROGRESS Optimizing — 23,397/30,000 iterations (78.0%) — 9.6 it/s — elapsed 40m 30s — ETA 11m 26s
PROGRESS Optimizing — 23,458/30,000 iterations (78.2%) — 9.6 it/s — elapsed 40m 35s — ETA 11m 19s
PROGRESS Optimizing — 23,519/30,000 iterations (78.4%) — 9.6 it/s — elapsed 40m 40s — ETA 11m 12s
PROGRESS Optimizing — 23,581/30,000 iterations (78.6%) — 9.6 it/s — elapsed 40m 45s — ETA 11m 06s
PROGRESS Optimizing — 23,642/30,000 iterations (78.8%) — 9.6 it/s — elapsed 40m 50s — ETA 10m 59s
PROGRESS Optimizing — 23,703/30,000 iterations (79.0%) — 9.7 it/s — elapsed 40m 55s — ETA 10m 52s
PROGRESS Optimizing — 23,763/30,000 iterations (79.2%) — 9.7 it/s — elapsed 41m 00s — ETA 10m 46s
PROGRESS Optimizing — 23,823/30,000 iterations (79.4%) — 9.7 it/s — elapsed 41m 05s — ETA 10m 39s
PROGRESS Optimizing — 23,884/30,000 iterations (79.6%) — 9.7 it/s — elapsed 41m 11s — ETA 10m 33s
PROGRESS Optimizing — 23,944/30,000 iterations (79.8%) — 9.7 it/s — elapsed 41m 16s — ETA 10m 26s
PROGRESS Optimizing — 24,001/30,000 iterations (80.0%) — 9.7 it/s — elapsed 41m 24s — ETA 10m 21s
PROGRESS Optimizing — 24,058/30,000 iterations (80.2%) — 9.7 it/s — elapsed 41m 29s — ETA 10m 15s
PROGRESS Optimizing — 24,115/30,000 iterations (80.4%) — 9.7 it/s — elapsed 41m 34s — ETA 10m 09s
PROGRESS Optimizing — 24,172/30,000 iterations (80.6%) — 9.7 it/s — elapsed 41m 39s — ETA 10m 02s
PROGRESS Optimizing — 24,228/30,000 iterations (80.8%) — 9.7 it/s — elapsed 41m 44s — ETA 9m 57s
PROGRESS Optimizing — 24,285/30,000 iterations (81.0%) — 9.7 it/s — elapsed 41m 49s — ETA 9m 50s
PROGRESS Optimizing — 24,341/30,000 iterations (81.1%) — 9.7 it/s — elapsed 41m 54s — ETA 9m 44s
PROGRESS Optimizing — 24,399/30,000 iterations (81.3%) — 9.7 it/s — elapsed 41m 59s — ETA 9m 38s
PROGRESS Optimizing — 24,456/30,000 iterations (81.5%) — 9.7 it/s — elapsed 42m 04s — ETA 9m 32s
PROGRESS Optimizing — 24,513/30,000 iterations (81.7%) — 9.7 it/s — elapsed 42m 09s — ETA 9m 26s
PROGRESS Optimizing — 24,570/30,000 iterations (81.9%) — 9.7 it/s — elapsed 42m 14s — ETA 9m 20s
PROGRESS Optimizing — 24,627/30,000 iterations (82.1%) — 9.7 it/s — elapsed 42m 19s — ETA 9m 14s
PROGRESS Optimizing — 24,685/30,000 iterations (82.3%) — 9.7 it/s — elapsed 42m 24s — ETA 9m 08s
PROGRESS Optimizing — 24,743/30,000 iterations (82.5%) — 9.7 it/s — elapsed 42m 29s — ETA 9m 02s
PROGRESS Optimizing — 24,800/30,000 iterations (82.7%) — 9.7 it/s — elapsed 42m 34s — ETA 8m 56s
PROGRESS Optimizing — 24,857/30,000 iterations (82.9%) — 9.7 it/s — elapsed 42m 39s — ETA 8m 50s
PROGRESS Optimizing — 24,913/30,000 iterations (83.0%) — 9.7 it/s — elapsed 42m 44s — ETA 8m 44s
PROGRESS Optimizing — 24,970/30,000 iterations (83.2%) — 9.7 it/s — elapsed 42m 49s — ETA 8m 38s
PROGRESS Optimizing — 25,001/30,000 iterations (83.3%) — 9.7 it/s — elapsed 42m 56s — ETA 8m 35s
PROGRESS Optimizing — 25,006/30,000 iterations (83.4%) — 9.6 it/s — elapsed 43m 27s — ETA 8m 41s
PROGRESS Optimizing — 25,006/30,000 iterations (83.4%) — 9.5 it/s — elapsed 43m 57s — ETA 8m 47s
PROGRESS Optimizing — 25,006/30,000 iterations (83.4%) — 9.4 it/s — elapsed 44m 27s — ETA 8m 53s
PROGRESS Optimizing — 25,006/30,000 iterations (83.4%) — 9.3 it/s — elapsed 44m 57s — ETA 8m 59s
PROGRESS Optimizing — 25,006/30,000 iterations (83.4%) — 9.2 it/s — elapsed 45m 27s — ETA 9m 05s
PROGRESS Optimizing — 25,007/30,000 iterations (83.4%) — 9.2 it/s — elapsed 45m 32s — ETA 9m 06s
PROGRESS Optimizing — 25,045/30,000 iterations (83.5%) — 9.1 it/s — elapsed 45m 37s — ETA 9m 02s
PROGRESS Optimizing — 25,083/30,000 iterations (83.6%) — 9.1 it/s — elapsed 45m 43s — ETA 8m 58s
PROGRESS Optimizing — 25,121/30,000 iterations (83.7%) — 9.1 it/s — elapsed 45m 48s — ETA 8m 54s
PROGRESS Optimizing — 25,159/30,000 iterations (83.9%) — 9.1 it/s — elapsed 45m 53s — ETA 8m 50s
PROGRESS Optimizing — 25,197/30,000 iterations (84.0%) — 9.1 it/s — elapsed 45m 58s — ETA 8m 46s
PROGRESS Optimizing — 25,234/30,000 iterations (84.1%) — 9.1 it/s — elapsed 46m 03s — ETA 8m 42s
PROGRESS Optimizing — 25,272/30,000 iterations (84.2%) — 9.1 it/s — elapsed 46m 08s — ETA 8m 38s
PROGRESS Optimizing — 25,310/30,000 iterations (84.4%) — 9.1 it/s — elapsed 46m 13s — ETA 8m 34s
PROGRESS Optimizing — 25,348/30,000 iterations (84.5%) — 9.1 it/s — elapsed 46m 18s — ETA 8m 30s
PROGRESS Optimizing — 25,386/30,000 iterations (84.6%) — 9.1 it/s — elapsed 46m 23s — ETA 8m 26s
PROGRESS Optimizing — 25,424/30,000 iterations (84.7%) — 9.1 it/s — elapsed 46m 28s — ETA 8m 22s
PROGRESS Optimizing — 25,462/30,000 iterations (84.9%) — 9.1 it/s — elapsed 46m 33s — ETA 8m 18s
PROGRESS Optimizing — 25,500/30,000 iterations (85.0%) — 9.1 it/s — elapsed 46m 38s — ETA 8m 14s
PROGRESS Optimizing — 25,538/30,000 iterations (85.1%) — 9.1 it/s — elapsed 46m 44s — ETA 8m 10s
PROGRESS Optimizing — 25,576/30,000 iterations (85.3%) — 9.1 it/s — elapsed 46m 49s — ETA 8m 06s
PROGRESS Optimizing — 25,614/30,000 iterations (85.4%) — 9.1 it/s — elapsed 46m 54s — ETA 8m 02s
PROGRESS Optimizing — 25,652/30,000 iterations (85.5%) — 9.1 it/s — elapsed 46m 59s — ETA 7m 58s
PROGRESS Optimizing — 25,690/30,000 iterations (85.6%) — 9.1 it/s — elapsed 47m 04s — ETA 7m 54s
PROGRESS Optimizing — 25,727/30,000 iterations (85.8%) — 9.1 it/s — elapsed 47m 09s — ETA 7m 50s
PROGRESS Optimizing — 25,765/30,000 iterations (85.9%) — 9.1 it/s — elapsed 47m 14s — ETA 7m 46s
PROGRESS Optimizing — 25,803/30,000 iterations (86.0%) — 9.1 it/s — elapsed 47m 19s — ETA 7m 42s
PROGRESS Optimizing — 25,841/30,000 iterations (86.1%) — 9.1 it/s — elapsed 47m 24s — ETA 7m 38s
PROGRESS Optimizing — 25,879/30,000 iterations (86.3%) — 9.1 it/s — elapsed 47m 29s — ETA 7m 34s
PROGRESS Optimizing — 25,917/30,000 iterations (86.4%) — 9.1 it/s — elapsed 47m 34s — ETA 7m 30s
PROGRESS Optimizing — 25,955/30,000 iterations (86.5%) — 9.1 it/s — elapsed 47m 39s — ETA 7m 26s
PROGRESS Optimizing — 25,993/30,000 iterations (86.6%) — 9.1 it/s — elapsed 47m 44s — ETA 7m 22s
PROGRESS Optimizing — 26,007/30,000 iterations (86.7%) — 9.1 it/s — elapsed 47m 49s — ETA 7m 21s
PROGRESS Optimizing — 26,045/30,000 iterations (86.8%) — 9.1 it/s — elapsed 47m 55s — ETA 7m 17s
PROGRESS Optimizing — 26,083/30,000 iterations (86.9%) — 9.1 it/s — elapsed 48m 00s — ETA 7m 12s
PROGRESS Optimizing — 26,121/30,000 iterations (87.1%) — 9.1 it/s — elapsed 48m 05s — ETA 7m 08s
PROGRESS Optimizing — 26,158/30,000 iterations (87.2%) — 9.1 it/s — elapsed 48m 10s — ETA 7m 04s
PROGRESS Optimizing — 26,195/30,000 iterations (87.3%) — 9.0 it/s — elapsed 48m 15s — ETA 7m 00s
PROGRESS Optimizing — 26,232/30,000 iterations (87.4%) — 9.0 it/s — elapsed 48m 20s — ETA 6m 57s
PROGRESS Optimizing — 26,269/30,000 iterations (87.6%) — 9.0 it/s — elapsed 48m 25s — ETA 6m 53s
PROGRESS Optimizing — 26,306/30,000 iterations (87.7%) — 9.0 it/s — elapsed 48m 30s — ETA 6m 49s
PROGRESS Optimizing — 26,343/30,000 iterations (87.8%) — 9.0 it/s — elapsed 48m 35s — ETA 6m 45s
PROGRESS Optimizing — 26,380/30,000 iterations (87.9%) — 9.0 it/s — elapsed 48m 40s — ETA 6m 41s
PROGRESS Optimizing — 26,417/30,000 iterations (88.1%) — 9.0 it/s — elapsed 48m 45s — ETA 6m 37s
PROGRESS Optimizing — 26,455/30,000 iterations (88.2%) — 9.0 it/s — elapsed 48m 50s — ETA 6m 33s
PROGRESS Optimizing — 26,492/30,000 iterations (88.3%) — 9.0 it/s — elapsed 48m 55s — ETA 6m 29s
PROGRESS Optimizing — 26,529/30,000 iterations (88.4%) — 9.0 it/s — elapsed 49m 00s — ETA 6m 25s
PROGRESS Optimizing — 26,567/30,000 iterations (88.6%) — 9.0 it/s — elapsed 49m 05s — ETA 6m 21s
PROGRESS Optimizing — 26,604/30,000 iterations (88.7%) — 9.0 it/s — elapsed 49m 10s — ETA 6m 17s
PROGRESS Optimizing — 26,642/30,000 iterations (88.8%) — 9.0 it/s — elapsed 49m 15s — ETA 6m 12s
PROGRESS Optimizing — 26,680/30,000 iterations (88.9%) — 9.0 it/s — elapsed 49m 20s — ETA 6m 08s
PROGRESS Optimizing — 26,718/30,000 iterations (89.1%) — 9.0 it/s — elapsed 49m 26s — ETA 6m 04s
PROGRESS Optimizing — 26,756/30,000 iterations (89.2%) — 9.0 it/s — elapsed 49m 31s — ETA 6m 00s
PROGRESS Optimizing — 26,793/30,000 iterations (89.3%) — 9.0 it/s — elapsed 49m 36s — ETA 5m 56s
PROGRESS Optimizing — 26,830/30,000 iterations (89.4%) — 9.0 it/s — elapsed 49m 41s — ETA 5m 52s
PROGRESS Optimizing — 26,868/30,000 iterations (89.6%) — 9.0 it/s — elapsed 49m 46s — ETA 5m 48s
PROGRESS Optimizing — 26,905/30,000 iterations (89.7%) — 9.0 it/s — elapsed 49m 51s — ETA 5m 44s
PROGRESS Optimizing — 26,943/30,000 iterations (89.8%) — 9.0 it/s — elapsed 49m 56s — ETA 5m 40s
PROGRESS Optimizing — 26,980/30,000 iterations (89.9%) — 9.0 it/s — elapsed 50m 01s — ETA 5m 36s
PROGRESS Optimizing — 27,001/30,000 iterations (90.0%) — 9.0 it/s — elapsed 50m 08s — ETA 5m 34s
PROGRESS Optimizing — 27,039/30,000 iterations (90.1%) — 9.0 it/s — elapsed 50m 13s — ETA 5m 30s
PROGRESS Optimizing — 27,077/30,000 iterations (90.3%) — 9.0 it/s — elapsed 50m 18s — ETA 5m 26s
PROGRESS Optimizing — 27,114/30,000 iterations (90.4%) — 9.0 it/s — elapsed 50m 23s — ETA 5m 22s
PROGRESS Optimizing — 27,152/30,000 iterations (90.5%) — 9.0 it/s — elapsed 50m 28s — ETA 5m 18s
PROGRESS Optimizing — 27,190/30,000 iterations (90.6%) — 9.0 it/s — elapsed 50m 33s — ETA 5m 13s
PROGRESS Optimizing — 27,227/30,000 iterations (90.8%) — 9.0 it/s — elapsed 50m 38s — ETA 5m 09s
PROGRESS Optimizing — 27,265/30,000 iterations (90.9%) — 9.0 it/s — elapsed 50m 43s — ETA 5m 05s
PROGRESS Optimizing — 27,303/30,000 iterations (91.0%) — 9.0 it/s — elapsed 50m 48s — ETA 5m 01s
PROGRESS Optimizing — 27,341/30,000 iterations (91.1%) — 9.0 it/s — elapsed 50m 54s — ETA 4m 57s
PROGRESS Optimizing — 27,379/30,000 iterations (91.3%) — 9.0 it/s — elapsed 50m 59s — ETA 4m 53s
PROGRESS Optimizing — 27,416/30,000 iterations (91.4%) — 8.9 it/s — elapsed 51m 04s — ETA 4m 49s
PROGRESS Optimizing — 27,454/30,000 iterations (91.5%) — 8.9 it/s — elapsed 51m 09s — ETA 4m 45s
PROGRESS Optimizing — 27,492/30,000 iterations (91.6%) — 8.9 it/s — elapsed 51m 14s — ETA 4m 40s
PROGRESS Optimizing — 27,530/30,000 iterations (91.8%) — 8.9 it/s — elapsed 51m 19s — ETA 4m 36s
PROGRESS Optimizing — 27,568/30,000 iterations (91.9%) — 8.9 it/s — elapsed 51m 24s — ETA 4m 32s
PROGRESS Optimizing — 27,606/30,000 iterations (92.0%) — 8.9 it/s — elapsed 51m 29s — ETA 4m 28s
PROGRESS Optimizing — 27,644/30,000 iterations (92.1%) — 8.9 it/s — elapsed 51m 34s — ETA 4m 24s
PROGRESS Optimizing — 27,682/30,000 iterations (92.3%) — 8.9 it/s — elapsed 51m 39s — ETA 4m 20s
PROGRESS Optimizing — 27,720/30,000 iterations (92.4%) — 8.9 it/s — elapsed 51m 45s — ETA 4m 15s
PROGRESS Optimizing — 27,758/30,000 iterations (92.5%) — 8.9 it/s — elapsed 51m 50s — ETA 4m 11s
PROGRESS Optimizing — 27,796/30,000 iterations (92.7%) — 8.9 it/s — elapsed 51m 55s — ETA 4m 07s
PROGRESS Optimizing — 27,834/30,000 iterations (92.8%) — 8.9 it/s — elapsed 52m 00s — ETA 4m 03s
PROGRESS Optimizing — 27,872/30,000 iterations (92.9%) — 8.9 it/s — elapsed 52m 05s — ETA 3m 59s
PROGRESS Optimizing — 27,910/30,000 iterations (93.0%) — 8.9 it/s — elapsed 52m 10s — ETA 3m 54s
PROGRESS Optimizing — 27,948/30,000 iterations (93.2%) — 8.9 it/s — elapsed 52m 15s — ETA 3m 50s
PROGRESS Optimizing — 27,986/30,000 iterations (93.3%) — 8.9 it/s — elapsed 52m 20s — ETA 3m 46s
PROGRESS Optimizing — 28,003/30,000 iterations (93.3%) — 8.9 it/s — elapsed 52m 25s — ETA 3m 44s
PROGRESS Optimizing — 28,041/30,000 iterations (93.5%) — 8.9 it/s — elapsed 52m 30s — ETA 3m 40s
PROGRESS Optimizing — 28,079/30,000 iterations (93.6%) — 8.9 it/s — elapsed 52m 35s — ETA 3m 36s
PROGRESS Optimizing — 28,117/30,000 iterations (93.7%) — 8.9 it/s — elapsed 52m 40s — ETA 3m 32s
PROGRESS Optimizing — 28,155/30,000 iterations (93.8%) — 8.9 it/s — elapsed 52m 46s — ETA 3m 27s
PROGRESS Optimizing — 28,193/30,000 iterations (94.0%) — 8.9 it/s — elapsed 52m 51s — ETA 3m 23s
PROGRESS Optimizing — 28,231/30,000 iterations (94.1%) — 8.9 it/s — elapsed 52m 56s — ETA 3m 19s
PROGRESS Optimizing — 28,269/30,000 iterations (94.2%) — 8.9 it/s — elapsed 53m 01s — ETA 3m 15s
PROGRESS Optimizing — 28,307/30,000 iterations (94.4%) — 8.9 it/s — elapsed 53m 06s — ETA 3m 11s
PROGRESS Optimizing — 28,345/30,000 iterations (94.5%) — 8.9 it/s — elapsed 53m 11s — ETA 3m 06s
PROGRESS Optimizing — 28,383/30,000 iterations (94.6%) — 8.9 it/s — elapsed 53m 16s — ETA 3m 02s
PROGRESS Optimizing — 28,420/30,000 iterations (94.7%) — 8.9 it/s — elapsed 53m 21s — ETA 2m 58s
PROGRESS Optimizing — 28,458/30,000 iterations (94.9%) — 8.9 it/s — elapsed 53m 26s — ETA 2m 54s
PROGRESS Optimizing — 28,496/30,000 iterations (95.0%) — 8.9 it/s — elapsed 53m 31s — ETA 2m 49s
PROGRESS Optimizing — 28,534/30,000 iterations (95.1%) — 8.9 it/s — elapsed 53m 36s — ETA 2m 45s
PROGRESS Optimizing — 28,572/30,000 iterations (95.2%) — 8.9 it/s — elapsed 53m 41s — ETA 2m 41s
PROGRESS Optimizing — 28,610/30,000 iterations (95.4%) — 8.9 it/s — elapsed 53m 46s — ETA 2m 37s
PROGRESS Optimizing — 28,648/30,000 iterations (95.5%) — 8.9 it/s — elapsed 53m 52s — ETA 2m 33s
PROGRESS Optimizing — 28,686/30,000 iterations (95.6%) — 8.9 it/s — elapsed 53m 57s — ETA 2m 28s
PROGRESS Optimizing — 28,723/30,000 iterations (95.7%) — 8.9 it/s — elapsed 54m 02s — ETA 2m 24s
PROGRESS Optimizing — 28,761/30,000 iterations (95.9%) — 8.9 it/s — elapsed 54m 07s — ETA 2m 20s
PROGRESS Optimizing — 28,799/30,000 iterations (96.0%) — 8.9 it/s — elapsed 54m 12s — ETA 2m 16s
PROGRESS Optimizing — 28,836/30,000 iterations (96.1%) — 8.9 it/s — elapsed 54m 17s — ETA 2m 11s
PROGRESS Optimizing — 28,874/30,000 iterations (96.2%) — 8.9 it/s — elapsed 54m 22s — ETA 2m 07s
PROGRESS Optimizing — 28,912/30,000 iterations (96.4%) — 8.8 it/s — elapsed 54m 27s — ETA 2m 03s
PROGRESS Optimizing — 28,950/30,000 iterations (96.5%) — 8.8 it/s — elapsed 54m 32s — ETA 1m 59s
PROGRESS Optimizing — 28,988/30,000 iterations (96.6%) — 8.8 it/s — elapsed 54m 37s — ETA 1m 54s
PROGRESS Optimizing — 29,001/30,000 iterations (96.7%) — 8.8 it/s — elapsed 54m 43s — ETA 1m 53s
PROGRESS Optimizing — 29,039/30,000 iterations (96.8%) — 8.8 it/s — elapsed 54m 48s — ETA 1m 49s
PROGRESS Optimizing — 29,077/30,000 iterations (96.9%) — 8.8 it/s — elapsed 54m 53s — ETA 1m 45s
PROGRESS Optimizing — 29,114/30,000 iterations (97.0%) — 8.8 it/s — elapsed 54m 58s — ETA 1m 40s
PROGRESS Optimizing — 29,151/30,000 iterations (97.2%) — 8.8 it/s — elapsed 55m 03s — ETA 1m 36s
PROGRESS Optimizing — 29,189/30,000 iterations (97.3%) — 8.8 it/s — elapsed 55m 08s — ETA 1m 32s
PROGRESS Optimizing — 29,226/30,000 iterations (97.4%) — 8.8 it/s — elapsed 55m 13s — ETA 1m 28s
PROGRESS Optimizing — 29,264/30,000 iterations (97.5%) — 8.8 it/s — elapsed 55m 18s — ETA 1m 23s
PROGRESS Optimizing — 29,301/30,000 iterations (97.7%) — 8.8 it/s — elapsed 55m 23s — ETA 1m 19s
PROGRESS Optimizing — 29,338/30,000 iterations (97.8%) — 8.8 it/s — elapsed 55m 28s — ETA 1m 15s
PROGRESS Optimizing — 29,376/30,000 iterations (97.9%) — 8.8 it/s — elapsed 55m 33s — ETA 1m 11s
PROGRESS Optimizing — 29,413/30,000 iterations (98.0%) — 8.8 it/s — elapsed 55m 39s — ETA 1m 07s
PROGRESS Optimizing — 29,451/30,000 iterations (98.2%) — 8.8 it/s — elapsed 55m 44s — ETA 1m 02s
PROGRESS Optimizing — 29,489/30,000 iterations (98.3%) — 8.8 it/s — elapsed 55m 49s — ETA 58s
PROGRESS Optimizing — 29,526/30,000 iterations (98.4%) — 8.8 it/s — elapsed 55m 54s — ETA 54s
PROGRESS Optimizing — 29,564/30,000 iterations (98.5%) — 8.8 it/s — elapsed 55m 59s — ETA 50s
PROGRESS Optimizing — 29,601/30,000 iterations (98.7%) — 8.8 it/s — elapsed 56m 04s — ETA 45s
PROGRESS Optimizing — 29,639/30,000 iterations (98.8%) — 8.8 it/s — elapsed 56m 09s — ETA 41s
PROGRESS Optimizing — 29,677/30,000 iterations (98.9%) — 8.8 it/s — elapsed 56m 14s — ETA 37s
PROGRESS Optimizing — 29,714/30,000 iterations (99.0%) — 8.8 it/s — elapsed 56m 19s — ETA 33s
PROGRESS Optimizing — 29,752/30,000 iterations (99.2%) — 8.8 it/s — elapsed 56m 24s — ETA 28s
PROGRESS Optimizing — 29,790/30,000 iterations (99.3%) — 8.8 it/s — elapsed 56m 29s — ETA 24s
PROGRESS Optimizing — 29,827/30,000 iterations (99.4%) — 8.8 it/s — elapsed 56m 34s — ETA 20s
PROGRESS Optimizing — 29,864/30,000 iterations (99.5%) — 8.8 it/s — elapsed 56m 39s — ETA 15s
PROGRESS Optimizing — 29,901/30,000 iterations (99.7%) — 8.8 it/s — elapsed 56m 44s — ETA 11s
PROGRESS Optimizing — 29,939/30,000 iterations (99.8%) — 8.8 it/s — elapsed 56m 49s — ETA 7s
PROGRESS Optimizing — 29,977/30,000 iterations (99.9%) — 8.8 it/s — elapsed 56m 55s — ETA 3s
PROGRESS Saving final checkpoint — checkpoint_fitted.ckpt — elapsed 0s
PROGRESS Computing satisfaction metrics and outputs — elapsed 0s
PROGRESS Evaluating verified patches — 0 patches — elapsed 0s
PROGRESS Evaluating tracks — 741,046 tracks — elapsed 0s
PROGRESS Evaluating tracks — 741,046 tracks — elapsed 31s
PROGRESS Evaluating tracks — 741,046 tracks — elapsed 1m 01s
PROGRESS Evaluating tracks — 741,046 tracks — elapsed 1m 31s
PROGRESS Evaluating tracks — 741,046 tracks — elapsed 2m 01s
PROGRESS Evaluating tracks — 741,046 tracks — elapsed 2m 31s
PROGRESS Evaluating tracks — 741,046 tracks — elapsed 3m 01s
PROGRESS Transforming final mesh — 0/39 chunks (0.0%) — elapsed 0s
PROGRESS Writing final mesh windings — 0/260 windings (0.0%) — elapsed 0s
PROGRESS Writing final mesh windings — 260/260 windings (100.0%) — elapsed 4s — ETA 0s
no outer-shell losses; using configured shell_outer_winding_idx = 130 for the dense and regularisation losses
removing tracks near patches
kept 741046 / 741046 tracks (packed)
track radius loss: 741046/741046 tracks survive exclusion (radius 16.0); 34978733 points retained
track crossings: using TrackGraph cache for 741046 surviving tracks
track crossings: used cached CSR for 741046 surviving tracks
track crossing index: 492504/741046 tracks connected, 3011996 directed crossings, 43.0 MiB
track length bins: short <= 32.0 (247171), medium <= 68.7 (246866), long (247009); effective weights [0.0, 0.15, 0.85]
theta topology ready (0.0s, peak RSS 15.36 GiB)
trainable parameters: 81,448,362 (325.8 MB) - gradient volume all-reduced every step in distributed mode
WARNING: loss_weight_dense_spacing_density > 0 but dense_spacing_mode='grad_mag'; this component runs only as part of the 'phase' bundle and is INACTIVE.
track point spacing: 4653630 cached points, observed 2.00-60.00 voxels (limits 20-60; 2358419 mandatory-anchor exceptions; native)
step 0: loss = 4409.3, umbilicus = 3.0, sym_dirichlet = 4.1, dense_normals = 30.0, min_spacing = 0.0, track_radius = 4372.2, track_dt = 0.0
step 200: loss = 1280.7, umbilicus = 0.1, sym_dirichlet = 10.3, dense_normals = 11.3, min_spacing = 0.0, track_radius = 1258.9, track_dt = 0.0
step 400: loss = 590.4, umbilicus = 0.1, sym_dirichlet = 14.3, dense_normals = 7.2, min_spacing = 0.0, track_radius = 568.9, track_dt = 0.0
step 600: loss = 440.6, umbilicus = 0.1, sym_dirichlet = 15.4, dense_normals = 6.5, min_spacing = 0.0, track_radius = 418.7, track_dt = 0.0
step 800: loss = 366.7, umbilicus = 0.1, sym_dirichlet = 17.0, dense_normals = 5.9, min_spacing = 0.0, track_radius = 343.7, track_dt = 0.0
step 1000: loss = 327.7, umbilicus = 0.1, sym_dirichlet = 16.2, dense_normals = 5.9, min_spacing = 0.0, track_radius = 305.5, track_dt = 0.0
step 1200: loss = 315.0, umbilicus = 0.1, sym_dirichlet = 16.6, dense_normals = 5.8, min_spacing = 0.0, track_radius = 292.5, track_dt = 0.0
step 1400: loss = 298.7, umbilicus = 0.0, sym_dirichlet = 16.9, dense_normals = 6.0, min_spacing = 0.0, track_radius = 275.8, track_dt = 0.0
step 1600: loss = 271.0, umbilicus = 0.1, sym_dirichlet = 17.3, dense_normals = 5.9, min_spacing = 0.0, track_radius = 247.8, track_dt = 0.0
step 1800: loss = 268.9, umbilicus = 0.1, sym_dirichlet = 20.9, dense_normals = 5.7, min_spacing = 0.0, track_radius = 242.2, track_dt = 0.0
step 2000: loss = 257.2, umbilicus = 0.1, sym_dirichlet = 18.7, dense_normals = 5.5, min_spacing = 0.0, track_radius = 233.0, track_dt = 0.0
step 2200: loss = 250.9, umbilicus = 0.0, sym_dirichlet = 19.2, dense_normals = 5.6, min_spacing = 0.0, track_radius = 226.2, track_dt = 0.0
step 2400: loss = 245.7, umbilicus = 0.0, sym_dirichlet = 18.8, dense_normals = 5.2, min_spacing = 0.0, track_radius = 221.7, track_dt = 0.0
step 2600: loss = 239.8, umbilicus = 0.0, sym_dirichlet = 15.8, dense_normals = 5.9, min_spacing = 0.0, track_radius = 218.1, track_dt = 0.0
step 2800: loss = 230.2, umbilicus = 0.1, sym_dirichlet = 15.0, dense_normals = 5.7, min_spacing = 0.0, track_radius = 209.5, track_dt = 0.0
step 3000: loss = 226.5, umbilicus = 0.0, sym_dirichlet = 16.8, dense_normals = 5.5, min_spacing = 0.0, track_radius = 204.1, track_dt = 0.0
step 3200: loss = 221.9, umbilicus = 0.0, sym_dirichlet = 18.3, dense_normals = 5.6, min_spacing = 0.0, track_radius = 197.9, track_dt = 0.0
step 3400: loss = 216.0, umbilicus = 0.1, sym_dirichlet = 20.2, dense_normals = 5.5, min_spacing = 0.0, track_radius = 190.2, track_dt = 0.0
step 3600: loss = 217.3, umbilicus = 0.1, sym_dirichlet = 18.1, dense_normals = 5.5, min_spacing = 0.0, track_radius = 193.6, track_dt = 0.0
step 3800: loss = 212.0, umbilicus = 0.0, sym_dirichlet = 19.3, dense_normals = 5.8, min_spacing = 0.0, track_radius = 186.9, track_dt = 0.0
step 4000: loss = 206.4, umbilicus = 0.0, sym_dirichlet = 15.6, dense_normals = 5.6, min_spacing = 0.0, track_radius = 185.1, track_dt = 0.0
step 4200: loss = 207.1, umbilicus = 0.1, sym_dirichlet = 19.8, dense_normals = 5.8, min_spacing = 0.0, track_radius = 181.4, track_dt = 0.0
step 4400: loss = 200.7, umbilicus = 0.0, sym_dirichlet = 13.1, dense_normals = 5.5, min_spacing = 0.0, track_radius = 182.1, track_dt = 0.0
step 4600: loss = 198.6, umbilicus = 0.0, sym_dirichlet = 20.9, dense_normals = 5.6, min_spacing = 0.0, track_radius = 172.1, track_dt = 0.0
step 4800: loss = 196.9, umbilicus = 0.1, sym_dirichlet = 21.1, dense_normals = 5.6, min_spacing = 0.0, track_radius = 170.2, track_dt = 0.0
step 5000: loss = 189.2, umbilicus = 0.0, sym_dirichlet = 16.1, dense_normals = 5.4, min_spacing = 0.0, track_radius = 167.7, track_dt = 0.0
step 5200: loss = 187.8, umbilicus = 0.0, sym_dirichlet = 12.9, dense_normals = 5.5, min_spacing = 0.0, track_radius = 169.3, track_dt = 0.0
step 5400: loss = 194.1, umbilicus = 0.0, sym_dirichlet = 18.7, dense_normals = 5.7, min_spacing = 0.0, track_radius = 169.6, track_dt = 0.0
step 5600: loss = 188.9, umbilicus = 0.1, sym_dirichlet = 15.9, dense_normals = 5.5, min_spacing = 0.0, track_radius = 167.5, track_dt = 0.0
step 5800: loss = 189.3, umbilicus = 0.1, sym_dirichlet = 20.7, dense_normals = 5.5, min_spacing = 0.0, track_radius = 163.0, track_dt = 0.0
step 6000: loss = 186.7, umbilicus = 0.0, sym_dirichlet = 18.3, dense_normals = 5.5, min_spacing = 0.0, track_radius = 162.8, track_dt = 0.0
step 6200: loss = 179.6, umbilicus = 0.0, sym_dirichlet = 15.6, dense_normals = 5.7, min_spacing = 0.0, track_radius = 158.2, track_dt = 0.0
step 6400: loss = 181.4, umbilicus = 0.0, sym_dirichlet = 16.0, dense_normals = 5.4, min_spacing = 0.0, track_radius = 160.1, track_dt = 0.0
step 6600: loss = 185.9, umbilicus = 0.0, sym_dirichlet = 17.8, dense_normals = 5.5, min_spacing = 0.0, track_radius = 162.6, track_dt = 0.0
step 6800: loss = 181.5, umbilicus = 0.0, sym_dirichlet = 15.3, dense_normals = 5.2, min_spacing = 0.0, track_radius = 160.9, track_dt = 0.0
step 7000: loss = 179.5, umbilicus = 0.0, sym_dirichlet = 16.3, dense_normals = 5.6, min_spacing = 0.0, track_radius = 157.6, track_dt = 0.0
step 7200: loss = 175.8, umbilicus = 0.0, sym_dirichlet = 17.8, dense_normals = 5.5, min_spacing = 0.0, track_radius = 152.5, track_dt = 0.0
step 7400: loss = 173.1, umbilicus = 0.0, sym_dirichlet = 14.6, dense_normals = 5.6, min_spacing = 0.0, track_radius = 152.8, track_dt = 0.0
step 7600: loss = 176.3, umbilicus = 0.0, sym_dirichlet = 19.5, dense_normals = 5.5, min_spacing = 0.0, track_radius = 151.3, track_dt = 0.0
step 7800: loss = 171.6, umbilicus = 0.0, sym_dirichlet = 19.6, dense_normals = 5.5, min_spacing = 0.0, track_radius = 146.4, track_dt = 0.0
step 8000: loss = 174.1, umbilicus = 0.0, sym_dirichlet = 19.3, dense_normals = 5.6, min_spacing = 0.0, track_radius = 149.2, track_dt = 0.0
step 8200: loss = 171.7, umbilicus = 0.0, sym_dirichlet = 14.0, dense_normals = 5.7, min_spacing = 0.0, track_radius = 152.0, track_dt = 0.0
step 8400: loss = 165.7, umbilicus = 0.0, sym_dirichlet = 15.9, dense_normals = 5.3, min_spacing = 0.0, track_radius = 144.5, track_dt = 0.0
step 8600: loss = 171.1, umbilicus = 0.0, sym_dirichlet = 19.6, dense_normals = 5.6, min_spacing = 0.0, track_radius = 145.9, track_dt = 0.0
step 8800: loss = 166.7, umbilicus = 0.0, sym_dirichlet = 14.1, dense_normals = 5.5, min_spacing = 0.0, track_radius = 147.1, track_dt = 0.0
step 9000: loss = 169.0, umbilicus = 0.0, sym_dirichlet = 17.0, dense_normals = 5.3, min_spacing = 0.0, track_radius = 146.7, track_dt = 0.0
step 9200: loss = 170.5, umbilicus = 0.0, sym_dirichlet = 18.3, dense_normals = 5.5, min_spacing = 0.0, track_radius = 146.7, track_dt = 0.0
step 9400: loss = 164.0, umbilicus = 0.0, sym_dirichlet = 16.9, dense_normals = 5.5, min_spacing = 0.0, track_radius = 141.6, track_dt = 0.0
step 9600: loss = 164.0, umbilicus = 0.0, sym_dirichlet = 17.8, dense_normals = 5.4, min_spacing = 0.0, track_radius = 140.8, track_dt = 0.0
step 9800: loss = 164.5, umbilicus = 0.1, sym_dirichlet = 17.6, dense_normals = 5.3, min_spacing = 0.0, track_radius = 141.5, track_dt = 0.0
step 10000: loss = 162.8, umbilicus = 0.0, sym_dirichlet = 21.6, dense_normals = 5.4, min_spacing = 0.0, track_radius = 135.7, track_dt = 0.0
step 10200: loss = 164.2, umbilicus = 0.0, sym_dirichlet = 18.8, dense_normals = 5.5, min_spacing = 0.0, track_radius = 139.8, track_dt = 0.0
step 10400: loss = 163.5, umbilicus = 0.0, sym_dirichlet = 21.8, dense_normals = 5.7, min_spacing = 0.0, track_radius = 136.0, track_dt = 0.0
step 10600: loss = 164.0, umbilicus = 0.0, sym_dirichlet = 20.9, dense_normals = 5.6, min_spacing = 0.0, track_radius = 137.5, track_dt = 0.0
step 10800: loss = 155.9, umbilicus = 0.0, sym_dirichlet = 18.2, dense_normals = 5.4, min_spacing = 0.0, track_radius = 132.3, track_dt = 0.0
step 11000: loss = 152.1, umbilicus = 0.0, sym_dirichlet = 15.1, dense_normals = 5.4, min_spacing = 0.0, track_radius = 131.5, track_dt = 0.0
step 11200: loss = 149.6, umbilicus = 0.0, sym_dirichlet = 16.1, dense_normals = 5.5, min_spacing = 0.0, track_radius = 127.9, track_dt = 0.0
step 11400: loss = 158.6, umbilicus = 0.0, sym_dirichlet = 18.4, dense_normals = 5.6, min_spacing = 0.0, track_radius = 134.5, track_dt = 0.0
step 11600: loss = 156.4, umbilicus = 0.0, sym_dirichlet = 20.4, dense_normals = 5.2, min_spacing = 0.0, track_radius = 130.8, track_dt = 0.0
step 11800: loss = 149.3, umbilicus = 0.0, sym_dirichlet = 15.0, dense_normals = 5.6, min_spacing = 0.0, track_radius = 128.7, track_dt = 0.0
step 12000: loss = 155.8, umbilicus = 0.0, sym_dirichlet = 20.1, dense_normals = 5.4, min_spacing = 0.0, track_radius = 130.2, track_dt = 0.0
step 12200: loss = 158.7, umbilicus = 0.0, sym_dirichlet = 22.2, dense_normals = 5.4, min_spacing = 0.0, track_radius = 131.1, track_dt = 0.0
step 12400: loss = 153.0, umbilicus = 0.0, sym_dirichlet = 15.8, dense_normals = 5.5, min_spacing = 0.0, track_radius = 131.6, track_dt = 0.0
step 12600: loss = 151.6, umbilicus = 0.0, sym_dirichlet = 15.9, dense_normals = 5.3, min_spacing = 0.0, track_radius = 130.4, track_dt = 0.0
step 12800: loss = 148.3, umbilicus = 0.0, sym_dirichlet = 18.3, dense_normals = 5.2, min_spacing = 0.0, track_radius = 124.8, track_dt = 0.0
step 13000: loss = 148.0, umbilicus = 0.0, sym_dirichlet = 16.8, dense_normals = 5.3, min_spacing = 0.0, track_radius = 125.9, track_dt = 0.0
step 13200: loss = 156.3, umbilicus = 0.0, sym_dirichlet = 22.4, dense_normals = 5.1, min_spacing = 0.0, track_radius = 128.8, track_dt = 0.0
step 13400: loss = 145.7, umbilicus = 0.0, sym_dirichlet = 15.3, dense_normals = 5.3, min_spacing = 0.0, track_radius = 125.1, track_dt = 0.0
step 13600: loss = 148.5, umbilicus = 0.0, sym_dirichlet = 15.1, dense_normals = 5.4, min_spacing = 0.0, track_radius = 128.0, track_dt = 0.0
step 13800: loss = 154.3, umbilicus = 0.0, sym_dirichlet = 18.1, dense_normals = 5.4, min_spacing = 0.0, track_radius = 130.8, track_dt = 0.0
step 14000: loss = 149.0, umbilicus = 0.0, sym_dirichlet = 16.5, dense_normals = 5.6, min_spacing = 0.0, track_radius = 126.8, track_dt = 0.0
step 14200: loss = 151.4, umbilicus = 0.0, sym_dirichlet = 17.1, dense_normals = 5.3, min_spacing = 0.0, track_radius = 129.0, track_dt = 0.0
step 14400: loss = 148.9, umbilicus = 0.0, sym_dirichlet = 15.3, dense_normals = 5.5, min_spacing = 0.0, track_radius = 128.1, track_dt = 0.0
step 14600: loss = 144.9, umbilicus = 0.0, sym_dirichlet = 16.0, dense_normals = 5.3, min_spacing = 0.0, track_radius = 123.6, track_dt = 0.0
step 14800: loss = 146.6, umbilicus = 0.0, sym_dirichlet = 14.3, dense_normals = 5.4, min_spacing = 0.0, track_radius = 126.8, track_dt = 0.0
step 15000: loss = 149.6, umbilicus = 0.0, sym_dirichlet = 24.4, dense_normals = 5.7, min_spacing = 0.0, track_radius = 119.5, track_dt = 0.0
step 15200: loss = 148.4, umbilicus = 0.0, sym_dirichlet = 23.0, dense_normals = 5.3, min_spacing = 0.0, track_radius = 120.1, track_dt = 0.0
step 15400: loss = 141.3, umbilicus = 0.0, sym_dirichlet = 16.1, dense_normals = 5.2, min_spacing = 0.0, track_radius = 120.0, track_dt = 0.0
step 15600: loss = 143.9, umbilicus = 0.0, sym_dirichlet = 19.0, dense_normals = 5.2, min_spacing = 0.0, track_radius = 119.7, track_dt = 0.0
step 15800: loss = 146.2, umbilicus = 0.0, sym_dirichlet = 22.0, dense_normals = 5.2, min_spacing = 0.0, track_radius = 118.9, track_dt = 0.0
step 16000: loss = 146.9, umbilicus = 0.0, sym_dirichlet = 20.6, dense_normals = 5.5, min_spacing = 0.0, track_radius = 120.8, track_dt = 0.0
step 16200: loss = 139.2, umbilicus = 0.0, sym_dirichlet = 17.8, dense_normals = 5.4, min_spacing = 0.0, track_radius = 115.9, track_dt = 0.0
step 16400: loss = 148.0, umbilicus = 0.0, sym_dirichlet = 18.7, dense_normals = 5.4, min_spacing = 0.0, track_radius = 123.8, track_dt = 0.0
step 16600: loss = 146.2, umbilicus = 0.0, sym_dirichlet = 23.4, dense_normals = 5.1, min_spacing = 0.0, track_radius = 117.6, track_dt = 0.0
step 16800: loss = 141.7, umbilicus = 0.0, sym_dirichlet = 19.2, dense_normals = 5.3, min_spacing = 0.0, track_radius = 117.2, track_dt = 0.0
step 17000: loss = 137.5, umbilicus = 0.0, sym_dirichlet = 17.3, dense_normals = 5.0, min_spacing = 0.0, track_radius = 115.2, track_dt = 0.0
step 17200: loss = 134.8, umbilicus = 0.0, sym_dirichlet = 13.9, dense_normals = 5.3, min_spacing = 0.0, track_radius = 115.5, track_dt = 0.0
step 17400: loss = 137.4, umbilicus = 0.0, sym_dirichlet = 17.9, dense_normals = 5.5, min_spacing = 0.0, track_radius = 113.9, track_dt = 0.0
step 17600: loss = 142.6, umbilicus = 0.0, sym_dirichlet = 16.0, dense_normals = 5.4, min_spacing = 0.0, track_radius = 121.2, track_dt = 0.0
step 17800: loss = 141.5, umbilicus = 0.0, sym_dirichlet = 21.6, dense_normals = 5.3, min_spacing = 0.0, track_radius = 114.5, track_dt = 0.0
step 18000: loss = 141.3, umbilicus = 0.0, sym_dirichlet = 17.3, dense_normals = 5.5, min_spacing = 0.0, track_radius = 118.4, track_dt = 0.0
step 18200: loss = 136.2, umbilicus = 0.0, sym_dirichlet = 14.9, dense_normals = 5.5, min_spacing = 0.0, track_radius = 115.8, track_dt = 0.0
step 18400: loss = 137.8, umbilicus = 0.0, sym_dirichlet = 18.9, dense_normals = 5.2, min_spacing = 0.0, track_radius = 113.7, track_dt = 0.0
step 18600: loss = 139.5, umbilicus = 0.0, sym_dirichlet = 19.1, dense_normals = 5.1, min_spacing = 0.0, track_radius = 115.2, track_dt = 0.0
step 18800: loss = 137.8, umbilicus = 0.0, sym_dirichlet = 21.1, dense_normals = 5.2, min_spacing = 0.0, track_radius = 111.5, track_dt = 0.0
step 19000: loss = 145.2, umbilicus = 0.0, sym_dirichlet = 24.9, dense_normals = 5.4, min_spacing = 0.0, track_radius = 114.8, track_dt = 0.0
step 19200: loss = 137.2, umbilicus = 0.0, sym_dirichlet = 19.9, dense_normals = 5.1, min_spacing = 0.0, track_radius = 112.1, track_dt = 0.0
step 19400: loss = 136.7, umbilicus = 0.0, sym_dirichlet = 18.3, dense_normals = 5.3, min_spacing = 0.0, track_radius = 113.1, track_dt = 0.0
step 19600: loss = 132.8, umbilicus = 0.0, sym_dirichlet = 16.3, dense_normals = 5.2, min_spacing = 0.0, track_radius = 111.3, track_dt = 0.0
step 19800: loss = 137.8, umbilicus = 0.0, sym_dirichlet = 18.8, dense_normals = 5.2, min_spacing = 0.0, track_radius = 113.8, track_dt = 0.0
step 20000: loss = 136.1, umbilicus = 0.0, sym_dirichlet = 19.1, dense_normals = 5.3, min_spacing = 0.0, track_radius = 111.6, track_dt = 0.0
step 20200: loss = 130.4, umbilicus = 0.0, sym_dirichlet = 18.9, dense_normals = 5.4, min_spacing = 0.0, track_radius = 106.1, track_dt = 0.0
step 20400: loss = 131.0, umbilicus = 0.0, sym_dirichlet = 16.6, dense_normals = 5.8, min_spacing = 0.0, track_radius = 108.5, track_dt = 0.0
step 20600: loss = 134.7, umbilicus = 0.0, sym_dirichlet = 20.8, dense_normals = 5.2, min_spacing = 0.0, track_radius = 108.6, track_dt = 0.0
step 20800: loss = 131.6, umbilicus = 0.0, sym_dirichlet = 15.8, dense_normals = 5.1, min_spacing = 0.0, track_radius = 110.7, track_dt = 0.0
step 21000: loss = 122.6, umbilicus = 0.0, sym_dirichlet = 15.7, dense_normals = 5.1, min_spacing = 0.0, track_radius = 101.7, track_dt = 0.0
step 21200: loss = 134.9, umbilicus = 0.0, sym_dirichlet = 15.4, dense_normals = 5.2, min_spacing = 0.0, track_radius = 114.3, track_dt = 0.0
step 21400: loss = 129.8, umbilicus = 0.0, sym_dirichlet = 18.4, dense_normals = 5.1, min_spacing = 0.0, track_radius = 106.2, track_dt = 0.0
step 21600: loss = 134.2, umbilicus = 0.0, sym_dirichlet = 23.6, dense_normals = 5.1, min_spacing = 0.0, track_radius = 105.6, track_dt = 0.0
step 21800: loss = 131.5, umbilicus = 0.0, sym_dirichlet = 21.1, dense_normals = 5.3, min_spacing = 0.0, track_radius = 105.1, track_dt = 0.0
step 22000: loss = 134.2, umbilicus = 0.0, sym_dirichlet = 24.2, dense_normals = 5.1, min_spacing = 0.0, track_radius = 104.9, track_dt = 0.0
step 22200: loss = 131.8, umbilicus = 0.0, sym_dirichlet = 19.9, dense_normals = 5.0, min_spacing = 0.0, track_radius = 107.0, track_dt = 0.0
step 22400: loss = 128.8, umbilicus = 0.0, sym_dirichlet = 21.4, dense_normals = 5.1, min_spacing = 0.0, track_radius = 102.3, track_dt = 0.0
step 22600: loss = 129.2, umbilicus = 0.0, sym_dirichlet = 18.4, dense_normals = 5.3, min_spacing = 0.0, track_radius = 105.5, track_dt = 0.0
step 22800: loss = 127.8, umbilicus = 0.0, sym_dirichlet = 21.2, dense_normals = 5.0, min_spacing = 0.0, track_radius = 101.7, track_dt = 0.0
step 23000: loss = 125.7, umbilicus = 0.0, sym_dirichlet = 17.7, dense_normals = 5.0, min_spacing = 0.0, track_radius = 102.9, track_dt = 0.0
step 23200: loss = 130.8, umbilicus = 0.0, sym_dirichlet = 17.6, dense_normals = 5.3, min_spacing = 0.0, track_radius = 107.8, track_dt = 0.0
step 23400: loss = 123.5, umbilicus = 0.0, sym_dirichlet = 19.0, dense_normals = 5.4, min_spacing = 0.0, track_radius = 99.0, track_dt = 0.0
step 23600: loss = 134.7, umbilicus = 0.0, sym_dirichlet = 20.2, dense_normals = 5.2, min_spacing = 0.0, track_radius = 109.3, track_dt = 0.0
step 23800: loss = 129.4, umbilicus = 0.0, sym_dirichlet = 18.5, dense_normals = 5.4, min_spacing = 0.0, track_radius = 105.6, track_dt = 0.0
step 24000: loss = 120.7, umbilicus = 0.0, sym_dirichlet = 16.5, dense_normals = 5.4, min_spacing = 0.0, track_radius = 98.8, track_dt = 0.0
step 24200: loss = 139.7, umbilicus = 0.0, sym_dirichlet = 21.1, dense_normals = 5.2, min_spacing = 0.0, track_radius = 113.5, track_dt = 0.0
step 24400: loss = 128.3, umbilicus = 0.0, sym_dirichlet = 22.0, dense_normals = 5.0, min_spacing = 0.0, track_radius = 101.3, track_dt = 0.0
step 24600: loss = 115.3, umbilicus = 0.0, sym_dirichlet = 12.7, dense_normals = 5.1, min_spacing = 0.0, track_radius = 97.4, track_dt = 0.0
step 24800: loss = 125.9, umbilicus = 0.0, sym_dirichlet = 16.7, dense_normals = 4.9, min_spacing = 0.0, track_radius = 104.2, track_dt = 0.0
step 25000: loss = 137.1, umbilicus = 0.0, sym_dirichlet = 24.4, dense_normals = 5.2, min_spacing = 0.0, track_radius = 107.5, track_dt = 0.0
step 25200: loss = 244.3, umbilicus = 0.0, sym_dirichlet = 23.2, dense_normals = 5.0, min_spacing = 0.0, track_radius = 107.7, track_dt = 108.3
step 25400: loss = 227.9, umbilicus = 0.0, sym_dirichlet = 14.8, dense_normals = 5.5, min_spacing = 0.0, track_radius = 103.5, track_dt = 104.1
step 25600: loss = 235.0, umbilicus = 0.0, sym_dirichlet = 19.5, dense_normals = 5.1, min_spacing = 0.0, track_radius = 105.6, track_dt = 104.9
step 25800: loss = 236.9, umbilicus = 0.0, sym_dirichlet = 19.1, dense_normals = 4.9, min_spacing = 0.0, track_radius = 114.0, track_dt = 98.8
step 26000: loss = 227.4, umbilicus = 0.0, sym_dirichlet = 17.4, dense_normals = 5.2, min_spacing = 0.0, track_radius = 109.0, track_dt = 95.7
step 26200: loss = 227.5, umbilicus = 0.0, sym_dirichlet = 19.2, dense_normals = 5.0, min_spacing = 0.0, track_radius = 106.9, track_dt = 96.3
step 26400: loss = 229.8, umbilicus = 0.0, sym_dirichlet = 22.2, dense_normals = 5.5, min_spacing = 0.0, track_radius = 107.6, track_dt = 94.5
step 26600: loss = 232.4, umbilicus = 0.0, sym_dirichlet = 21.4, dense_normals = 5.1, min_spacing = 0.0, track_radius = 108.6, track_dt = 97.2
step 26800: loss = 221.2, umbilicus = 0.0, sym_dirichlet = 20.0, dense_normals = 5.3, min_spacing = 0.0, track_radius = 106.0, track_dt = 90.0
step 27000: loss = 225.5, umbilicus = 0.0, sym_dirichlet = 19.3, dense_normals = 5.3, min_spacing = 0.0, track_radius = 108.2, track_dt = 92.8
step 27200: loss = 224.1, umbilicus = 0.0, sym_dirichlet = 20.4, dense_normals = 5.1, min_spacing = 0.0, track_radius = 109.7, track_dt = 88.8
step 27400: loss = 224.6, umbilicus = 0.0, sym_dirichlet = 17.4, dense_normals = 5.0, min_spacing = 0.0, track_radius = 111.4, track_dt = 90.9
step 27600: loss = 224.8, umbilicus = 0.0, sym_dirichlet = 19.6, dense_normals = 5.1, min_spacing = 0.0, track_radius = 109.4, track_dt = 90.6
step 27800: loss = 215.3, umbilicus = 0.0, sym_dirichlet = 17.5, dense_normals = 5.1, min_spacing = 0.0, track_radius = 104.7, track_dt = 88.1
step 28000: loss = 216.0, umbilicus = 0.0, sym_dirichlet = 17.3, dense_normals = 5.3, min_spacing = 0.0, track_radius = 106.6, track_dt = 86.7
step 28200: loss = 217.6, umbilicus = 0.0, sym_dirichlet = 20.3, dense_normals = 5.2, min_spacing = 0.0, track_radius = 104.8, track_dt = 87.3
step 28400: loss = 220.2, umbilicus = 0.0, sym_dirichlet = 17.9, dense_normals = 5.1, min_spacing = 0.0, track_radius = 108.0, track_dt = 89.1
step 28600: loss = 217.2, umbilicus = 0.0, sym_dirichlet = 16.0, dense_normals = 5.3, min_spacing = 0.0, track_radius = 107.6, track_dt = 88.4
step 28800: loss = 217.2, umbilicus = 0.0, sym_dirichlet = 17.4, dense_normals = 5.3, min_spacing = 0.0, track_radius = 107.8, track_dt = 86.7
step 29000: loss = 217.8, umbilicus = 0.0, sym_dirichlet = 21.4, dense_normals = 5.3, min_spacing = 0.0, track_radius = 106.5, track_dt = 84.7
step 29200: loss = 212.2, umbilicus = 0.0, sym_dirichlet = 19.4, dense_normals = 5.2, min_spacing = 0.0, track_radius = 102.6, track_dt = 85.0
step 29400: loss = 221.6, umbilicus = 0.0, sym_dirichlet = 27.8, dense_normals = 5.4, min_spacing = 0.0, track_radius = 103.5, track_dt = 84.8
step 29600: loss = 211.6, umbilicus = 0.0, sym_dirichlet = 18.4, dense_normals = 5.1, min_spacing = 0.0, track_radius = 103.9, track_dt = 84.2
step 29800: loss = 212.1, umbilicus = 0.0, sym_dirichlet = 20.7, dense_normals = 5.3, min_spacing = 0.0, track_radius = 102.6, track_dt = 83.4
patch satisfaction: 0 patches, 0 quad centers, 0 forward + 0 inverse batches, 0.01s
satisfied_patches = 0/0 (0.0%)
satisfied_patches_area_weighted = 0.0/0.0 (0.0%)
boundary_satisfied_patches = 0/0 (0.0%)
satisfied_area = 0.0/0.0 (0.0%)
satisfied_tracks = 131918/741046 (17.8%)
satisfied_track_points = 18488475/34978733 (52.9%)
save_mesh fitted: winding range [10, 130)
splice rasterization: 0 eligible quads, 0 vertex batches, 0.00s

$ find /data/out/CW_z10000-11000_s30000 -maxdepth 3 | head -60
Stopping app - local entrypoint completed.
/data/out/CW_z10000-11000_s30000
/data/out/CW_z10000-11000_s30000/2026-09-17_PHerc0211_slice-10000-11000_0-patch
/data/out/CW_z10000-11000_s30000/2026-09-17_PHerc0211_slice-10000-11000_0-patch/checkpoint_fitted.ckpt
/data/out/CW_z10000-11000_s30000/2026-09-17_PHerc0211_slice-10000-11000_0-patch/meshes
/data/out/CW_z10000-11000_s30000/2026-09-17_PHerc0211_slice-10000-11000_0-patch/meshes/fitted
/data/out/CW_z10000-11000_s30000/2026-09-17_PHerc0211_slice-10000-11000_0-patch/non_liftable_patches.txt
/data/out/CW_z10000-11000_s30000/2026-09-17_PHerc0211_slice-10000-11000_0-patch/satisfaction_metrics_fitted.json
/data/out/CW_z10000-11000_s30000/2026-09-17_PHerc0211_slice-10000-11000_0-patch/satisfied_fitted.json
/data/out/CW_z10000-11000_s30000/fit.log
/data/out/CW_z10000-11000_s30000/overrides.json
/data/out/CW_z10000-11000_s30000/timing.json
spiral_fit CW_z10000-11000_s30000: exit 0, 61.0 min on A10
✓ App completed. View run at 
https://modal.com/apps/bnleft/main/ap-HKrc89kmqzRb1b3Hl1QZCg
exit=0
