✓ Initialized. View run at 
https://modal.com/apps/bnleft/main/ap-hDGWEZpycLdudN2eTMVaM5
✓ Created objects.
├── 🔨 Created mount 
│   /Users/bryantle/Documents/bnleft/first-light-pherc0211/modal_app.py
├── 🔨 Created function probe.
├── 🔨 Created function fetch_dataset.
├── 🔨 Created function render_slices.
├── 🔨 Created function pack_pools.
├── 🔨 Created function spiral_fit.
├── 🔨 Created function pack_pools_fast.
├── 🔨 Created function overlay_fits.
├── 🔨 Created function calibrate_control.
├── 🔨 Created function readout.
├── 🔨 Created function probe_ink.
├── 🔨 Created function render_and_infer.
├── 🔨 Created function control.
└── 🔨 Created function probe_vc.

$ cd /opt/villa/spiral-fitting && uv run python /opt/villa/spiral-fitting/_readout.py /data/ink/CW_z10000-11000_s30000/fitted_scoped_w010-065/segment.tif /data/ink/CW_z10000-11000_s30000/fitted_scoped_w010-065/segment_reverse.tif /data/ink/CW_z10000-11000_s30000/fitted_scoped_w010-065/segment.zarr /data/ink/CW_z10000-11000_s30000/fitted_scoped_w010-065 199.0
prediction (2280, 256400) = [21.3, 2400.4] mm
surface volume (28, 2280, 256400)
forward {"mean": 48.472757080151624, "p99": 159.0, "frac_ge_T": 0.0003163642335167091, "pixels_ge_T": 184944, "components": 6510, "excluded": {"boundary": 1, "band": 2, "low_coverage": 0, "small": 6465}, "candidates": 42}
   {'id': 4187, 'bbox_yx': [1203, 155011, 1307, 155126], 'h_px': 104, 'w_px': 115, 'long_mm': 1.08, 'area_px': 3986, 'mean_val': 202.68866031108882}
   {'id': 1498, 'bbox_yx': [826, 185917, 908, 185989], 'h_px': 82, 'w_px': 72, 'long_mm': 0.77, 'area_px': 3192, 'mean_val': 202.02537593984962}
   {'id': 1191, 'bbox_yx': [765, 137254, 838, 137338], 'h_px': 73, 'w_px': 84, 'long_mm': 0.79, 'area_px': 2977, 'mean_val': 202.60262008733625}
   {'id': 3890, 'bbox_yx': [1147, 101331, 1201, 101403], 'h_px': 54, 'w_px': 72, 'long_mm': 0.67, 'area_px': 2564, 'mean_val': 203.21489859594385}
   {'id': 1785, 'bbox_yx': [870, 37239, 946, 37288], 'h_px': 76, 'w_px': 49, 'long_mm': 0.71, 'area_px': 2242, 'mean_val': 202.8162355040143}
   {'id': 2492, 'bbox_yx': [966, 40634, 1065, 40685], 'h_px': 99, 'w_px': 51, 'long_mm': 0.93, 'area_px': 2185, 'mean_val': 201.67093821510298}
reverse {"mean": 46.894934903317186, "p99": 151.0, "frac_ge_T": 0.00019154213536962532, "pixels_ge_T": 111974, "components": 4116, "excluded": {"boundary": 1, "band": 1, "low_coverage": 1, "small": 4091}, "candidates": 22}
   {'id': 2280, 'bbox_yx': [1164, 42553, 1224, 42629], 'h_px': 60, 'w_px': 76, 'long_mm': 0.71, 'area_px': 2669, 'mean_val': 202.72349194454853}
   {'id': 3649, 'bbox_yx': [1644, 154184, 1710, 154267], 'h_px': 66, 'w_px': 83, 'long_mm': 0.78, 'area_px': 2605, 'mean_val': 202.5017274472169}
   {'id': 2352, 'bbox_yx': [1210, 96566, 1280, 96626], 'h_px': 70, 'w_px': 60, 'long_mm': 0.66, 'area_px': 2337, 'mean_val': 202.47026101839967}
   {'id': 1094, 'bbox_yx': [774, 762, 834, 826], 'h_px': 60, 'w_px': 64, 'long_mm': 0.6, 'area_px': 2262, 'mean_val': 203.3474801061008}
   {'id': 2812, 'bbox_yx': [1350, 136627, 1426, 136680], 'h_px': 76, 'w_px': 53, 'long_mm': 0.71, 'area_px': 2131, 'mean_val': 202.0187705302675}
   {'id': 291, 'bbox_yx': [567, 162813, 631, 162871], 'h_px': 64, 'w_px': 58, 'long_mm': 0.6, 'area_px': 1976, 'mean_val': 201.66042510121457}
Stopping app - local entrypoint completed.
✓ App completed. View run at 
https://modal.com/apps/bnleft/main/ap-hDGWEZpycLdudN2eTMVaM5
exit=0
