✓ Initialized. View run at 
https://modal.com/apps/bnleft/main/ap-cDBaXtAtLIhEaOyVztfAWN
✓ Created objects.
├── 🔨 Created mount 
│   /Users/bryantle/Documents/bnleft/first-light-pherc0211/modal_app.py
├── 🔨 Created function pack_pools.
├── 🔨 Created function fetch_dataset.
├── 🔨 Created function render_slices.
├── 🔨 Created function probe.
├── 🔨 Created function render_and_infer.
├── 🔨 Created function probe_ink.
├── 🔨 Created function control.
├── 🔨 Created function probe_vc.
├── 🔨 Created function spiral_fit.
├── 🔨 Created function overlay_fits.
├── 🔨 Created function calibrate_control.
├── 🔨 Created function readout.
├── 🔨 Created function verify.
├── 🔨 Created function readout_control.
├── 🔨 Created function pack_pools_fast.
├── 🔨 Created function slab_profiles.
├── 🔨 Created function recenter_and_infer.
└── 🔨 Created function infer_ckpt.

$ cd /opt/villa/spiral-fitting && uv run python /opt/villa/spiral-fitting/_recenter.py /data/ink/ACW_z10000-11000_s30000/fitted_scoped_w010-065_recentered/segment64.zarr /data/ink/ACW_z10000-11000_s30000/fitted_scoped_w010-065_recentered/segment.zarr 28 256 2>&1 | tee /data/ink/ACW_z10000-11000_s30000/fitted_scoped_w010-065_recentered/recenter.log
WARNING: Logs may not be continuous
WARNING: Logs may not be continuous
WARNING: Logs may not be continuous
WARNING: Logs may not be continuous
WARNING: Logs may not be continuous
WARNING: Logs may not be continuous
WARNING: Logs may not be continuous
WARNING: Logs may not be continuous
WARNING: Logs may not be continuous
WARNING: Logs may not be continuous
WARNING: Logs may not be continuous
WARNING: Logs may not be continuous
WARNING: Logs may not be continuous
WARNING: Logs may not be continuous
WARNING: Logs may not be continuous
WARNING: Logs may not be continuous
WARNING: Logs may not be continuous
WARNING: Logs may not be continuous
WARNING: Logs may not be continuous
WARNING: Logs may not be continuous
WARNING: Logs may not be continuous
WARNING: Logs may not be continuous
WARNING: Logs may not be continuous
WARNING: Logs may not be continuous
WARNING: Logs may not be continuous
WARNING: Logs may not be continuous
WARNING: Logs may not be continuous
WARNING: Logs may not be continuous
WARNING: Logs may not be continuous
WARNING: Logs may not be continuous
WARNING: Logs may not be continuous
WARNING: Logs may not be continuous
WARNING: Logs may not be continuous
WARNING: Logs may not be continuous
WARNING: Logs may not be continuous
WARNING: Logs may not be continuous
WARNING: Logs may not be continuous
WARNING: Logs may not be continuous
WARNING: Logs may not be continuous
WARNING: Logs may not be continuous
WARNING: Logs may not be continuous
WARNING: Logs may not be continuous
WARNING: Logs may not be continuous
WARNING: Logs may not be continuous
WARNING: Logs may not be continuous
WARNING: Logs may not be continuous
WARNING: Logs may not be continuous
WARNING: Logs may not be continuous
WARNING: Logs may not be continuous
WARNING: Logs may not be continuous
WARNING: Logs may not be continuous
WARNING: Logs may not be continuous
WARNING: Logs may not be continuous
WARNING: Logs may not be continuous
WARNING: Logs may not be continuous
WARNING: Logs may not be continuous
WARNING: Logs may not be continuous
WARNING: Logs may not be continuous
WARNING: Logs may not be continuous
WARNING: Logs may not be continuous
WARNING: Logs may not be continuous
WARNING: Logs may not be continuous
WARNING: Logs may not be continuous
WARNING: Logs may not be continuous
WARNING: Logs may not be continuous
WARNING: Logs may not be continuous
WARNING: Logs may not be continuous
WARNING: Logs may not be continuous
WARNING: Logs may not be continuous
WARNING: Logs may not be continuous
WARNING: Logs may not be continuous
WARNING: Logs may not be continuous
source (64, 2360, 256640) -> out layers 28 tile 256
row 0/10 centre layers: median 32
row 4/10 centre layers: median 30
row 8/10 centre layers: median 32
centre layer over tiles: median 32, p10 14, p90 45, frac at clamp edges 0.17

$ cd /opt/villa/vesuvius && uv run --extra models python -m vesuvius.ink_detection.inference.infer /data/ink/ACW_z10000-11000_s30000/fitted_scoped_w010-065_recentered/segment.zarr /data/checkpoints/ink_9um/hybrid_3d2d-seed42/step-075000.pth /data/ink/ACW_z10000-11000_s30000/fitted_scoped_w010-065_recentered/segment.tif --overlap 0.5 --blend-mode hann --batch-size 4 --direction both 2>&1 | tee /data/ink/ACW_z10000-11000_s30000/fitted_scoped_w010-065_recentered/infer.log
   Building vesuvius @ file:///opt/villa/vesuvius
      Built vesuvius @ file:///opt/villa/vesuvius
Uninstalled 1 package in 2ms
Installed 2 packages in 3ms
[2026-09-24 03:14:24,689] INFO Loaded model weights from /data/checkpoints/ink_9um/hybrid_3d2d-seed42/step-075000.pth (missing_keys=0 unexpected_keys=0)
[2026-09-24 03:14:25,993] INFO Selected source layer indices=[6, 7, 8, 9, 10, 11, 12, 13, 14, 15, 16, 17, 18, 19, 20, 21, 22]
[2026-09-24 03:14:25,994] INFO Input level=0 shape=(depth=28, height=2360, width=256640) chunks=(128, 128) patch=128 stride=64 requested_overlap=0.500 blend_mode=hann tta_mirror=False
[2026-09-24 03:14:25,994] INFO No mask supplied; using the entire Zarr
[2026-09-24 03:14:25,997] WARNING Requested occupancy scan level 3 was not found; using level 0 instead
[2026-09-24 03:15:13,364] INFO Using occupancy scan level=0 shape=(2360, 256640) scale=(1, 1) nonempty_coverage=47.683%
[2026-09-24 03:15:14,260] INFO Selected 80198 patches for inference
Using dimensionality (2D) from ConfigManager
Using 2D convolutions (nn.Conv2d)
Using 2D normalization (nn.InstanceNorm2d)
--- Full autoconfiguration from config ---
Patch size adjusted from (128, 128) to (128, 128) to ensure divisibility by pooling factors [32 32]
Task 'ink' configured with shared decoder + head (1 channels)
NetworkFromConfig initialized with final configuration:
  model_name: ink_det
  basic_encoder_block: BasicBlockD
  basic_decoder_block: ConvBlock
  bottleneck_block: BasicBlockD
  features_per_stage: [32, 64, 128, 256, 320, 320]
  num_stages: 6
  n_blocks_per_stage: [1, 3, 4, 6, 6, 6]
  n_conv_per_stage_decoder: [1, 1, 1, 1, 1]
  kernel_sizes: [[3, 3], [3, 3], [3, 3], [3, 3], [3, 3], [3, 3]]
  pool_op_kernel_sizes: [[1, 1], [2, 2], [2, 2], [2, 2], [2, 2], [2, 2]]
  conv_op: Conv2d
  conv_bias: True
  norm_op: InstanceNorm2d
  norm_op_kwargs: {'affine': True, 'eps': 1e-05}
  dropout_op: None
  dropout_op_kwargs: None
  nonlin: LeakyReLU
  nonlin_kwargs: {'inplace': True, 'negative_slope': 0.01}
  strides: [[1, 1], [2, 2], [2, 2], [2, 2], [2, 2], [2, 2]]
  return_skips: True
  do_stem: True
  stem_channels: 32
  bottleneck_channels: None
  stochastic_depth_p: 0.0
  squeeze_excitation: False
  squeeze_excitation_reduction_ratio: 0.0625
  squeeze_excitation_type: channel
  squeeze_excitation_add_maxpool: False
  pool_type: conv
  upsample_mode: transpconv
  op_dims: 2
  patch_size: (128, 128)
  batch_size: 64
  in_channels: 32
  autoconfigure: True
  targets: {'ink': {'activation': 'none', 'out_channels': 1, 'z_projection_mode': 'none'}}
  target_z_projection: {}
  separate_decoders: False
  num_pool_per_axis: [5, 5]
  must_be_divisible_by: [32 32]
  guide_backbone: None
  guide_backbone_config_path: None
  guide_freeze: True
  guide_patch_grid: None
  guide_stage_keys: None
  guide_skip_concat_projector_channels: None
  guide_feature_gate_alpha: None
  guide_tokenbook_tokens: None
  guide_tokenbook_prototype_weighting: mean
  guide_tokenbook_weight_mlp_hidden: None
  guide_compile_policy: off
  guide_fusion_stage: None
[2026-09-24 03:21:59,712] INFO Selected source layer indices=[22, 21, 20, 19, 18, 17, 16, 15, 14, 13, 12, 11, 10, 9, 8, 7, 6]
[2026-09-24 03:21:59,713] INFO Input level=0 shape=(depth=28, height=2360, width=256640) chunks=(128, 128) patch=128 stride=64 requested_overlap=0.500 blend_mode=hann tta_mirror=False
[2026-09-24 03:21:59,713] INFO No mask supplied; using the entire Zarr
[2026-09-24 03:21:59,715] WARNING Requested occupancy scan level 3 was not found; using level 0 instead
[2026-09-24 03:22:30,800] INFO Using occupancy scan level=0 shape=(2360, 256640) scale=(1, 1) nonempty_coverage=47.683%
[2026-09-24 03:22:31,621] INFO Selected 80198 patches for inference

$ cd /opt/villa/spiral-fitting && uv run python /opt/villa/spiral-fitting/_profile.py /data/ink/ACW_z10000-11000_s30000/fitted_scoped_w010-065_recentered/segment.zarr /data/ink/ACW_z10000-11000_s30000/fitted_scoped_w010-065_recentered/slab_profile.json 48 | tail -1
SUMMARY blocks=48 median_amp=11.4 frac_mid_peaked(mid-edge>5)=0.77 frac_argmax_in_middle_third=1.00

$ cd /opt/villa/spiral-fitting && uv run python /opt/villa/spiral-fitting/_readout.py /data/ink/ACW_z10000-11000_s30000/fitted_scoped_w010-065_recentered/segment.tif /data/ink/ACW_z10000-11000_s30000/fitted_scoped_w010-065_recentered/segment_reverse.tif /data/ink/ACW_z10000-11000_s30000/fitted_scoped_w010-065_recentered/segment.zarr /data/ink/ACW_z10000-11000_s30000/fitted_scoped_w010-065_recentered 199.0
prediction (2360, 256640) = [22.1, 2402.7] mm
surface volume (28, 2360, 256640)
forward {"mean": 44.8632556040381, "p99": 144.0, "frac_ge_T": 8.527575394141764e-05, "pixels_ge_T": 51649, "components": 2068, "excluded": {"boundary": 0, "band": 0, "low_coverage": 0, "small": 2058}, "candidates": 10}
   {'id': 250, 'bbox_yx': [592, 172529, 646, 172631], 'h_px': 54, 'w_px': 102, 'long_mm': 0.95, 'area_px': 3525, 'mean_val': 202.08397163120569}
   {'id': 1705, 'bbox_yx': [1580, 206445, 1616, 206538], 'h_px': 36, 'w_px': 93, 'long_mm': 0.87, 'area_px': 1800, 'mean_val': 202.39055555555555}
   {'id': 634, 'bbox_yx': [878, 166138, 924, 166206], 'h_px': 46, 'w_px': 68, 'long_mm': 0.64, 'area_px': 1742, 'mean_val': 202.80941446613087}
   {'id': 614, 'bbox_yx': [873, 8010, 928, 8070], 'h_px': 55, 'w_px': 60, 'long_mm': 0.56, 'area_px': 1717, 'mean_val': 202.68549796156086}
   {'id': 757, 'bbox_yx': [908, 10324, 971, 10371], 'h_px': 63, 'w_px': 47, 'long_mm': 0.59, 'area_px': 1551, 'mean_val': 201.25789813023854}
   {'id': 391, 'bbox_yx': [687, 73345, 721, 73401], 'h_px': 34, 'w_px': 56, 'long_mm': 0.52, 'area_px': 1198, 'mean_val': 204.18363939899834}
reverse {"mean": 46.13384210785272, "p99": 149.0, "frac_ge_T": 0.00013940255293968469, "pixels_ge_T": 84432, "components": 3312, "excluded": {"boundary": 0, "band": 0, "low_coverage": 0, "small": 3292}, "candidates": 20}
   {'id': 1267, 'bbox_yx': [1076, 147528, 1146, 147614], 'h_px': 70, 'w_px': 86, 'long_mm': 0.81, 'area_px': 3008, 'mean_val': 202.83477393617022}
   {'id': 1276, 'bbox_yx': [1077, 192371, 1165, 192414], 'h_px': 88, 'w_px': 43, 'long_mm': 0.82, 'area_px': 2651, 'mean_val': 203.0282912108638}
   {'id': 2440, 'bbox_yx': [1331, 76232, 1402, 76273], 'h_px': 71, 'w_px': 41, 'long_mm': 0.66, 'area_px': 2218, 'mean_val': 205.641568981064}
   {'id': 1296, 'bbox_yx': [1080, 115570, 1179, 115617], 'h_px': 99, 'w_px': 47, 'long_mm': 0.93, 'area_px': 2071, 'mean_val': 201.36021245774987}
   {'id': 1885, 'bbox_yx': [1139, 173198, 1205, 173252], 'h_px': 66, 'w_px': 54, 'long_mm': 0.62, 'area_px': 2024, 'mean_val': 201.9486166007905}
   {'id': 1112, 'bbox_yx': [1001, 173242, 1078, 173315], 'h_px': 77, 'w_px': 73, 'long_mm': 0.72, 'area_px': 2022, 'mean_val': 201.59000989119684}
recenter_and_infer done in 108.9 min
Stopping app - local entrypoint completed.
✓ App completed. View run at 
https://modal.com/apps/bnleft/main/ap-cDBaXtAtLIhEaOyVztfAWN
exit=0
