✓ Initialized. View run at 
https://modal.com/apps/bnleft/main/ap-IjPKSgaaeDuZv9SwbpKoaq
✓ Created objects.
├── 🔨 Created mount 
│   /Users/bryantle/Documents/bnleft/first-light-pherc0211/modal_app.py
├── 🔨 Created function probe.
├── 🔨 Created function fetch_dataset.
├── 🔨 Created function render_slices.
├── 🔨 Created function pack_pools.
├── 🔨 Created function spiral_fit.
├── 🔨 Created function probe_ink.
├── 🔨 Created function render_and_infer.
├── 🔨 Created function control.
└── 🔨 Created function probe_vc.

$ ls -la /data/control/mesh_on_9362um.tifxyz; cat /data/control/mesh_on_9362um.tifxyz/meta.json
total 896
drwxr-xr-x 1 root root     24 Sep 17 18:42 .
drwxr-xr-x 1 root root     35 Sep 17 18:42 ..
-rw-r--r-- 1 root root    415 Jul 15 15:36 meta.json
-rw-r--r-- 1 root root 305102 Jul 15 15:36 x.tif
-rw-r--r-- 1 root root 305102 Jul 15 15:36 y.tif
-rw-r--r-- 1 root root 305102 Jul 15 15:36 z.tif
{
    "area_vx2": 25082013.29527031,
    "bbox": [
        [
            1792.0513916015625,
            2288.8984375,
            2843.08154296875
        ],
        [
            4419.91552734375,
            4572.0517578125,
            8061.2626953125
        ]
    ],
    "format": "tifxyz",
    "scale": [
        0.05000000074505806,
        0.05000000074505806
    ],
    "type": "seg",
    "uuid": "out"
}

$ vc_render_tifxyz --volume /data/volume-cache/control-PHerc0139-9362.zarr --remote-url s3://vesuvius-challenge-open-data/PHerc0139/volumes/20250728140407-9.362um-1.2m-113keV-masked.zarr --group-idx 0 --scale 1 --segmentation /data/control/mesh_on_9362um.tifxyz --num-slices 28 --slice-step 1 --cache-gb 16 --flip-normals --zarr-output /data/control/out_own_render/control.zarr 2>&1 | tee /data/control/out_own_render/vc_render_tifxyz.log

[1A  tile-row 1/46 (2%)  12.2 chunks/s  0m03s  eta 2m30s
[1A  tile-row 2/46 (4%)  8.3 chunks/s  0m09s  eta 3m38s
[1A  tile-row 3/46 (6%)  8.8 chunks/s  0m13s  eta 3m19s
[1A  tile-row 4/46 (8%)  9.7 chunks/s  0m16s  eta 2m57s
[1A  tile-row 5/46 (10%)  10.6 chunks/s  0m19s  eta 2m37s
[1A  tile-row 6/46 (13%)  11.2 chunks/s  0m21s  eta 2m26s
[1A  tile-row 7/46 (15%)  11.6 chunks/s  0m24s  eta 2m18s
[1A  tile-row 8/46 (17%)  11.8 chunks/s  0m27s  eta 2m12s
[1A  tile-row 9/46 (19%)  12.0 chunks/s  0m30s  eta 2m06s
[1A  tile-row 10/46 (21%)  12.4 chunks/s  0m33s  eta 1m59s
[1A  tile-row 11/46 (23%)  12.7 chunks/s  0m35s  eta 1m53s
[1A  tile-row 12/46 (26%)  12.9 chunks/s  0m38s  eta 1m48s
[1A  tile-row 13/46 (28%)  12.9 chunks/s  0m41s  eta 1m44s
[1A  tile-row 14/46 (30%)  13.1 chunks/s  0m43s  eta 1m40s
[1A  tile-row 15/46 (32%)  13.1 chunks/s  0m47s  eta 1m37s
[1A  tile-row 16/46 (34%)  13.2 chunks/s  0m49s  eta 1m33s
[1A  tile-row 17/46 (36%)  13.3 chunks/s  0m52s  eta 1m29s
[1A  tile-row 18/46 (39%)  13.4 chunks/s  0m54s  eta 1m25s
[1A  tile-row 19/46 (41%)  13.4 chunks/s  0m58s  eta 1m22s
[1A  tile-row 20/46 (43%)  13.5 chunks/s  1m00s  eta 1m18s
[1A  tile-row 21/46 (45%)  13.6 chunks/s  1m03s  eta 1m15s
[1A  tile-row 22/46 (47%)  13.7 chunks/s  1m05s  eta 1m11s
[1A  tile-row 23/46 (50%)  13.8 chunks/s  1m08s  eta 1m08s
[1A  tile-row 24/46 (52%)  13.8 chunks/s  1m11s  eta 1m05s
[1A  tile-row 25/46 (54%)  13.8 chunks/s  1m14s  eta 1m02s
[1A  tile-row 26/46 (56%)  13.9 chunks/s  1m16s  eta 0m59s
[1A  tile-row 27/46 (58%)  13.8 chunks/s  1m19s  eta 0m56s
[1A  tile-row 28/46 (60%)  13.8 chunks/s  1m22s  eta 0m53s
[1A  tile-row 29/46 (63%)  13.8 chunks/s  1m25s  eta 0m50s
[1A  tile-row 30/46 (65%)  13.8 chunks/s  1m29s  eta 0m47s
[1A  tile-row 31/46 (67%)  13.8 chunks/s  1m32s  eta 0m44s
[1A  tile-row 32/46 (69%)  13.8 chunks/s  1m35s  eta 0m41s
[1A  tile-row 33/46 (71%)  13.7 chunks/s  1m38s  eta 0m38s
[1A  tile-row 34/46 (73%)  13.8 chunks/s  1m41s  eta 0m35s
[1A  tile-row 35/46 (76%)  13.8 chunks/s  1m43s  eta 0m32s
[1A  tile-row 36/46 (78%)  13.8 chunks/s  1m47s  eta 0m29s
[1A  tile-row 37/46 (80%)  13.8 chunks/s  1m50s  eta 0m26s
[1A  tile-row 38/46 (82%)  13.8 chunks/s  1m53s  eta 0m23s
[1A  tile-row 39/46 (84%)  13.8 chunks/s  1m56s  eta 0m20s
[1A  tile-row 40/46 (86%)  13.7 chunks/s  1m59s  eta 0m17s
[1A  tile-row 41/46 (89%)  13.8 chunks/s  2m01s  eta 0m14s
[1A  tile-row 42/46 (91%)  13.9 chunks/s  2m03s  eta 0m11s
[1A  tile-row 43/46 (93%)  14.0 chunks/s  2m05s  eta 0m08s
[1A  tile-row 44/46 (95%)  14.2 chunks/s  2m06s  eta 0m05s
[1A  tile-row 46/46 (100%)  14.8 chunks/s  2m07s  eta 0m00s
Remote zarr streaming: s3://vesuvius-challenge-open-data/PHerc0139/volumes/20250728140407-9.362um-1.2m-113keV-masked.zarr
zarr dataset size for group 0 [20974 6621 6621 ]
Source dtype: uint8
chunk shape [128 128 128 ]
Voxel size: 1.0 (no metadata found; override with --voxel-size)
Flip normals: on
Rendering: /data/control/mesh_on_9362um.tifxyz -> /data/control/out_own_render/control.zarr (zarr)
ds_level=0 ds_scale=1 sA=1 Pg=1 render_scale=1
rendering 5240x5820 at scale 1 crop [5240×5820 from (0,0)]

$ cd /opt/villa/vesuvius && uv run --extra models python -m vesuvius.ink_detection.inference.infer /data/control/out_own_render/control.zarr /data/checkpoints/ink_9um/hybrid_3d2d-seed42/step-075000.pth /data/control/out_own_render/control_prediction.tif --overlap 0.5 --blend-mode hann --batch-size 4 --direction both 2>&1 | tee /data/control/out_own_render/infer.log
   Building vesuvius @ file:///opt/villa/vesuvius
      Built vesuvius @ file:///opt/villa/vesuvius
Uninstalled 1 package in 1ms
Installed 2 packages in 3ms
[2026-09-17 18:55:39,821] INFO Loaded model weights from /data/checkpoints/ink_9um/hybrid_3d2d-seed42/step-075000.pth (missing_keys=0 unexpected_keys=0)
[2026-09-17 18:55:40,952] INFO Selected source layer indices=[6, 7, 8, 9, 10, 11, 12, 13, 14, 15, 16, 17, 18, 19, 20, 21, 22]
[2026-09-17 18:55:40,952] INFO Input level=0 shape=(depth=28, height=5820, width=5240) chunks=(128, 128) patch=128 stride=64 requested_overlap=0.500 blend_mode=hann tta_mirror=False
[2026-09-17 18:55:40,952] INFO No mask supplied; using the entire Zarr
[2026-09-17 18:55:40,998] INFO Using occupancy scan level=3 shape=(728, 655) scale=(8, 8) nonempty_coverage=82.132%
[2026-09-17 18:55:41,015] INFO Selected 6458 patches for inference
Using dimensionality (2D) from ConfigManager
Using 2D convolutions (nn.Conv2d)
Using 2D normalization (nn.InstanceNorm2d)
--- Full autoconfiguration from config ---
Patch size adjusted from (128, 128) to (128, 128) to ensure divisibility by pooling factors [32 32]
Task 'ink' configured with shared decoder + head (1 channels)
NetworkFromConfig initialized with final configuration:
  model_name: ink_det
  basic_encoder_block: BasicBlockD
  basic_decoder_block: ConvBlock
  bottleneck_block: BasicBlockD
  features_per_stage: [32, 64, 128, 256, 320, 320]
  num_stages: 6
  n_blocks_per_stage: [1, 3, 4, 6, 6, 6]
  n_conv_per_stage_decoder: [1, 1, 1, 1, 1]
  kernel_sizes: [[3, 3], [3, 3], [3, 3], [3, 3], [3, 3], [3, 3]]
  pool_op_kernel_sizes: [[1, 1], [2, 2], [2, 2], [2, 2], [2, 2], [2, 2]]
  conv_op: Conv2d
  conv_bias: True
  norm_op: InstanceNorm2d
  norm_op_kwargs: {'affine': True, 'eps': 1e-05}
  dropout_op: None
  dropout_op_kwargs: None
  nonlin: LeakyReLU
  nonlin_kwargs: {'inplace': True, 'negative_slope': 0.01}
  strides: [[1, 1], [2, 2], [2, 2], [2, 2], [2, 2], [2, 2]]
  return_skips: True
  do_stem: True
  stem_channels: 32
  bottleneck_channels: None
  stochastic_depth_p: 0.0
  squeeze_excitation: False
  squeeze_excitation_reduction_ratio: 0.0625
  squeeze_excitation_type: channel
  squeeze_excitation_add_maxpool: False
  pool_type: conv
  upsample_mode: transpconv
  op_dims: 2
  patch_size: (128, 128)
  batch_size: 64
  in_channels: 32
  autoconfigure: True
  targets: {'ink': {'activation': 'none', 'out_channels': 1, 'z_projection_mode': 'none'}}
  target_z_projection: {}
  separate_decoders: False
  num_pool_per_axis: [5, 5]
  must_be_divisible_by: [32 32]
  guide_backbone: None
  guide_backbone_config_path: None
  guide_freeze: True
  guide_patch_grid: None
  guide_stage_keys: None
  guide_skip_concat_projector_channels: None
  guide_feature_gate_alpha: None
  guide_tokenbook_tokens: None
  guide_tokenbook_prototype_weighting: mean
  guide_tokenbook_weight_mlp_hidden: None
  guide_compile_policy: off
  guide_fusion_stage: None
[2026-09-17 18:57:08,709] INFO Selected source layer indices=[22, 21, 20, 19, 18, 17, 16, 15, 14, 13, 12, 11, 10, 9, 8, 7, 6]
[2026-09-17 18:57:08,710] INFO Input level=0 shape=(depth=28, height=5820, width=5240) chunks=(128, 128) patch=128 stride=64 requested_overlap=0.500 blend_mode=hann tta_mirror=False
[2026-09-17 18:57:08,710] INFO No mask supplied; using the entire Zarr
[2026-09-17 18:57:08,748] INFO Using occupancy scan level=3 shape=(728, 655) scale=(8, 8) nonempty_coverage=82.132%
[2026-09-17 18:57:08,767] INFO Selected 6458 patches for inference

$ ls -la /data/control/out_own_render
Stopping app - local entrypoint completed.
total 27503
drwxr-xr-x 1 root root      104 Sep 17 18:57 .
drwxr-xr-x 1 root root       35 Sep 17 18:42 ..
drwxr-xr-x 1 root root       20 Sep 17 18:55 control.zarr
-rw-r--r-- 1 root root 14060322 Sep 17 18:57 control_prediction.tif
-rw-r--r-- 1 root root 14093298 Sep 17 18:57 control_prediction_reverse.tif
-rw-r--r-- 1 root root     3507 Sep 17 18:57 infer.log
-rw-r--r-- 1 root root      108 Sep 17 18:57 timing.json
-rw-r--r-- 1 root root     3011 Sep 17 18:55 vc_render_tifxyz.log
✓ App completed. View run at 
https://modal.com/apps/bnleft/main/ap-IjPKSgaaeDuZv9SwbpKoaq
exit=0
